16:28:55 **** Incremental Build of configuration Debug for project bluePill_dual_PWM_audio ****
make -j20 all 
arm-none-eabi-gcc "../Core/Src/main.c" -mcpu=cortex-m3 -std=gnu11 -g3 -DDEBUG -DUSE_HAL_DRIVER -DSTM32F103xB -c -I../Core/Inc -I../Drivers/STM32F1xx_HAL_Driver/Inc -I../Drivers/STM32F1xx_HAL_Driver/Inc/Legacy -I../Drivers/CMSIS/Device/ST/STM32F1xx/Include -I../Drivers/CMSIS/Include -O0 -ffunction-sections -fdata-sections -Wall -fstack-usage -fcyclomatic-complexity -MMD -MP -MF"Core/Src/main.d" -MT"Core/Src/main.o" --specs=nano.specs -mfloat-abi=soft -mthumb -o "Core/Src/main.o"
arm-none-eabi-gcc -o "bluePill_dual_PWM_audio.elf" @"objects.list"   -mcpu=cortex-m3 -T"C:\Users\leand\git\STM32_Experimental_Audio\PWM\workspace-stm32\bluePill_dual_PWM_audio\STM32F103C8TX_FLASH.ld" --specs=nosys.specs -Wl,-Map="bluePill_dual_PWM_audio.map" -Wl,--gc-sections -static --specs=nano.specs -mfloat-abi=soft -mthumb -Wl,--start-group -lc -lm -Wl,--end-group
Finished building target: bluePill_dual_PWM_audio.elf
 
arm-none-eabi-size  bluePill_dual_PWM_audio.elf 
arm-none-eabi-objdump -h -S bluePill_dual_PWM_audio.elf  > "bluePill_dual_PWM_audio.list"
   text	   data	    bss	    dec	    hex	filename
  13344	     12	   5932	  19288	   4b58	bluePill_dual_PWM_audio.elf
Finished building: default.size.stdout
 
Finished building: bluePill_dual_PWM_audio.list
 
16:29:36 **** Incremental Build of configuration Debug for project bluePill_dual_PWM_audio ****
make -j20 all 
arm-none-eabi-size  bluePill_dual_PWM_audio.elf 
   text	   data	    bss	    dec	    hex	filename
  13344	     12	   5932	  19288	   4b58	bluePill_dual_PWM_audio.elf
Finished building: default.size.stdout
 
16:30:23 **** Incremental Build of configuration Debug for project bluePill_dual_PWM_audio ****
make -j20 all 
arm-none-eabi-gcc "../Core/Src/main.c" -mcpu=cortex-m3 -std=gnu11 -g3 -DDEBUG -DUSE_HAL_DRIVER -DSTM32F103xB -c -I../Core/Inc -I../Drivers/STM32F1xx_HAL_Driver/Inc -I../Drivers/STM32F1xx_HAL_Driver/Inc/Legacy -I../Drivers/CMSIS/Device/ST/STM32F1xx/Include -I../Drivers/CMSIS/Include -O0 -ffunction-sections -fdata-sections -Wall -fstack-usage -fcyclomatic-complexity -MMD -MP -MF"Core/Src/main.d" -MT"Core/Src/main.o" --specs=nano.specs -mfloat-abi=soft -mthumb -o "Core/Src/main.o"
arm-none-eabi-gcc -o "bluePill_dual_PWM_audio.elf" @"objects.list"   -mcpu=cortex-m3 -T"C:\Users\leand\git\STM32_Experimental_Audio\PWM\workspace-stm32\bluePill_dual_PWM_audio\STM32F103C8TX_FLASH.ld" --specs=nosys.specs -Wl,-Map="bluePill_dual_PWM_audio.map" -Wl,--gc-sections -static --specs=nano.specs -mfloat-abi=soft -mthumb -Wl,--start-group -lc -lm -Wl,--end-group
Finished building target: bluePill_dual_PWM_audio.elf
 
arm-none-eabi-size  bluePill_dual_PWM_audio.elf 
arm-none-eabi-objdump -h -S bluePill_dual_PWM_audio.elf  > "bluePill_dual_PWM_audio.list"
   text	   data	    bss	    dec	    hex	filename
  13344	     12	   5932	  19288	   4b58	bluePill_dual_PWM_audio.elf
Finished building: default.size.stdout
 
Finished building: bluePill_dual_PWM_audio.list
 
16:32:54 **** Incremental Build of configuration Debug for project bluePill_dual_PWM_audio ****
make -j20 all 
arm-none-eabi-size  bluePill_dual_PWM_audio.elf 
   text	   data	    bss	    dec	    hex	filename
  13344	     12	   5932	  19288	   4b58	bluePill_dual_PWM_audio.elf
Finished building: default.size.stdout
 
16:33:29 **** Incremental Build of configuration Debug for project bluePill_dual_PWM_audio ****
make -j20 all 
arm-none-eabi-gcc "../Core/Src/main.c" -mcpu=cortex-m3 -std=gnu11 -g3 -DDEBUG -DUSE_HAL_DRIVER -DSTM32F103xB -c -I../Core/Inc -I../Drivers/STM32F1xx_HAL_Driver/Inc -I../Drivers/STM32F1xx_HAL_Driver/Inc/Legacy -I../Drivers/CMSIS/Device/ST/STM32F1xx/Include -I../Drivers/CMSIS/Include -O0 -ffunction-sections -fdata-sections -Wall -fstack-usage -fcyclomatic-complexity -MMD -MP -MF"Core/Src/main.d" -MT"Core/Src/main.o" --specs=nano.specs -mfloat-abi=soft -mthumb -o "Core/Src/main.o"
arm-none-eabi-gcc -o "bluePill_dual_PWM_audio.elf" @"objects.list"   -mcpu=cortex-m3 -T"C:\Users\leand\git\STM32_Experimental_Audio\PWM\workspace-stm32\bluePill_dual_PWM_audio\STM32F103C8TX_FLASH.ld" --specs=nosys.specs -Wl,-Map="bluePill_dual_PWM_audio.map" -Wl,--gc-sections -static --specs=nano.specs -mfloat-abi=soft -mthumb -Wl,--start-group -lc -lm -Wl,--end-group
Finished building target: bluePill_dual_PWM_audio.elf
 
arm-none-eabi-size  bluePill_dual_PWM_audio.elf 
arm-none-eabi-objdump -h -S bluePill_dual_PWM_audio.elf  > "bluePill_dual_PWM_audio.list"
   text	   data	    bss	    dec	    hex	filename
  13344	     12	   5932	  19288	   4b58	bluePill_dual_PWM_audio.elf
Finished building: default.size.stdout
 
Finished building: bluePill_dual_PWM_audio.list
 
16:40:21 **** Incremental Build of configuration Debug for project bluePill_dual_PWM_audio ****
make -j20 all 
arm-none-eabi-gcc "../Core/Src/main.c" -mcpu=cortex-m3 -std=gnu11 -g3 -DDEBUG -DUSE_HAL_DRIVER -DSTM32F103xB -c -I../Core/Inc -I../Drivers/STM32F1xx_HAL_Driver/Inc -I../Drivers/STM32F1xx_HAL_Driver/Inc/Legacy -I../Drivers/CMSIS/Device/ST/STM32F1xx/Include -I../Drivers/CMSIS/Include -O0 -ffunction-sections -fdata-sections -Wall -fstack-usage -fcyclomatic-complexity -MMD -MP -MF"Core/Src/main.d" -MT"Core/Src/main.o" --specs=nano.specs -mfloat-abi=soft -mthumb -o "Core/Src/main.o"
arm-none-eabi-gcc "../Core/Src/stm32f1xx_hal_msp.c" -mcpu=cortex-m3 -std=gnu11 -g3 -DDEBUG -DUSE_HAL_DRIVER -DSTM32F103xB -c -I../Core/Inc -I../Drivers/STM32F1xx_HAL_Driver/Inc -I../Drivers/STM32F1xx_HAL_Driver/Inc/Legacy -I../Drivers/CMSIS/Device/ST/STM32F1xx/Include -I../Drivers/CMSIS/Include -O0 -ffunction-sections -fdata-sections -Wall -fstack-usage -fcyclomatic-complexity -MMD -MP -MF"Core/Src/stm32f1xx_hal_msp.d" -MT"Core/Src/stm32f1xx_hal_msp.o" --specs=nano.specs -mfloat-abi=soft -mthumb -o "Core/Src/stm32f1xx_hal_msp.o"
arm-none-eabi-gcc -o "bluePill_dual_PWM_audio.elf" @"objects.list"   -mcpu=cortex-m3 -T"C:\Users\leand\git\STM32_Experimental_Audio\PWM\workspace-stm32\bluePill_dual_PWM_audio\STM32F103C8TX_FLASH.ld" --specs=nosys.specs -Wl,-Map="bluePill_dual_PWM_audio.map" -Wl,--gc-sections -static --specs=nano.specs -mfloat-abi=soft -mthumb -Wl,--start-group -lc -lm -Wl,--end-group
Finished building target: bluePill_dual_PWM_audio.elf
 
arm-none-eabi-size  bluePill_dual_PWM_audio.elf 
arm-none-eabi-objdump -h -S bluePill_dual_PWM_audio.elf  > "bluePill_dual_PWM_audio.list"
   text	   data	    bss	    dec	    hex	filename
  13344	     12	   5932	  19288	   4b58	bluePill_dual_PWM_audio.elf
Finished building: default.size.stdout
 
Finished building: bluePill_dual_PWM_audio.list
 
16:40:49 **** Incremental Build of configuration Debug for project bluePill_dual_PWM_audio ****
make -j20 all 
arm-none-eabi-gcc "../Core/Src/main.c" -mcpu=cortex-m3 -std=gnu11 -g3 -DDEBUG -DUSE_HAL_DRIVER -DSTM32F103xB -c -I../Core/Inc -I../Drivers/STM32F1xx_HAL_Driver/Inc -I../Drivers/STM32F1xx_HAL_Driver/Inc/Legacy -I../Drivers/CMSIS/Device/ST/STM32F1xx/Include -I../Drivers/CMSIS/Include -O0 -ffunction-sections -fdata-sections -Wall -fstack-usage -fcyclomatic-complexity -MMD -MP -MF"Core/Src/main.d" -MT"Core/Src/main.o" --specs=nano.specs -mfloat-abi=soft -mthumb -o "Core/Src/main.o"
arm-none-eabi-gcc -o "bluePill_dual_PWM_audio.elf" @"objects.list"   -mcpu=cortex-m3 -T"C:\Users\leand\git\STM32_Experimental_Audio\PWM\workspace-stm32\bluePill_dual_PWM_audio\STM32F103C8TX_FLASH.ld" --specs=nosys.specs -Wl,-Map="bluePill_dual_PWM_audio.map" -Wl,--gc-sections -static --specs=nano.specs -mfloat-abi=soft -mthumb -Wl,--start-group -lc -lm -Wl,--end-group
Finished building target: bluePill_dual_PWM_audio.elf
 
arm-none-eabi-size  bluePill_dual_PWM_audio.elf 
arm-none-eabi-objdump -h -S bluePill_dual_PWM_audio.elf  > "bluePill_dual_PWM_audio.list"
   text	   data	    bss	    dec	    hex	filename
  13344	     12	   5932	  19288	   4b58	bluePill_dual_PWM_audio.elf
Finished building: default.size.stdout
 
Finished building: bluePill_dual_PWM_audio.list
 
16:41:05 **** Incremental Build of configuration Debug for project bluePill_dual_PWM_audio ****
make -j20 all 
arm-none-eabi-gcc "../Core/Src/main.c" -mcpu=cortex-m3 -std=gnu11 -g3 -DDEBUG -DUSE_HAL_DRIVER -DSTM32F103xB -c -I../Core/Inc -I../Drivers/STM32F1xx_HAL_Driver/Inc -I../Drivers/STM32F1xx_HAL_Driver/Inc/Legacy -I../Drivers/CMSIS/Device/ST/STM32F1xx/Include -I../Drivers/CMSIS/Include -O0 -ffunction-sections -fdata-sections -Wall -fstack-usage -fcyclomatic-complexity -MMD -MP -MF"Core/Src/main.d" -MT"Core/Src/main.o" --specs=nano.specs -mfloat-abi=soft -mthumb -o "Core/Src/main.o"
arm-none-eabi-gcc -o "bluePill_dual_PWM_audio.elf" @"objects.list"   -mcpu=cortex-m3 -T"C:\Users\leand\git\STM32_Experimental_Audio\PWM\workspace-stm32\bluePill_dual_PWM_audio\STM32F103C8TX_FLASH.ld" --specs=nosys.specs -Wl,-Map="bluePill_dual_PWM_audio.map" -Wl,--gc-sections -static --specs=nano.specs -mfloat-abi=soft -mthumb -Wl,--start-group -lc -lm -Wl,--end-group
Finished building target: bluePill_dual_PWM_audio.elf
 
arm-none-eabi-size  bluePill_dual_PWM_audio.elf 
arm-none-eabi-objdump -h -S bluePill_dual_PWM_audio.elf  > "bluePill_dual_PWM_audio.list"
   text	   data	    bss	    dec	    hex	filename
  13344	     12	   5932	  19288	   4b58	bluePill_dual_PWM_audio.elf
Finished building: default.size.stdout
 
Finished building: bluePill_dual_PWM_audio.list
 
16:42:49 **** Incremental Build of configuration Debug for project bluePill_dual_PWM_audio ****
make -j20 all 
arm-none-eabi-gcc "../Core/Src/main.c" -mcpu=cortex-m3 -std=gnu11 -g3 -DDEBUG -DUSE_HAL_DRIVER -DSTM32F103xB -c -I../Core/Inc -I../Drivers/STM32F1xx_HAL_Driver/Inc -I../Drivers/STM32F1xx_HAL_Driver/Inc/Legacy -I../Drivers/CMSIS/Device/ST/STM32F1xx/Include -I../Drivers/CMSIS/Include -O0 -ffunction-sections -fdata-sections -Wall -fstack-usage -fcyclomatic-complexity -MMD -MP -MF"Core/Src/main.d" -MT"Core/Src/main.o" --specs=nano.specs -mfloat-abi=soft -mthumb -o "Core/Src/main.o"
arm-none-eabi-gcc -o "bluePill_dual_PWM_audio.elf" @"objects.list"   -mcpu=cortex-m3 -T"C:\Users\leand\git\STM32_Experimental_Audio\PWM\workspace-stm32\bluePill_dual_PWM_audio\STM32F103C8TX_FLASH.ld" --specs=nosys.specs -Wl,-Map="bluePill_dual_PWM_audio.map" -Wl,--gc-sections -static --specs=nano.specs -mfloat-abi=soft -mthumb -Wl,--start-group -lc -lm -Wl,--end-group
Finished building target: bluePill_dual_PWM_audio.elf
 
arm-none-eabi-size  bluePill_dual_PWM_audio.elf 
arm-none-eabi-objdump -h -S bluePill_dual_PWM_audio.elf  > "bluePill_dual_PWM_audio.list"
   text	   data	    bss	    dec	    hex	filename
  13416	     12	   5932	  19360	   4ba0	bluePill_dual_PWM_audio.elf
Finished building: default.size.stdout
 
Finished building: bluePill_dual_PWM_audio.list
 
16:43:47 **** Incremental Build of configuration Debug for project bluePill_dual_PWM_audio ****
make -j20 all 
arm-none-eabi-gcc "../Core/Src/main.c" -mcpu=cortex-m3 -std=gnu11 -g3 -DDEBUG -DUSE_HAL_DRIVER -DSTM32F103xB -c -I../Core/Inc -I../Drivers/STM32F1xx_HAL_Driver/Inc -I../Drivers/STM32F1xx_HAL_Driver/Inc/Legacy -I../Drivers/CMSIS/Device/ST/STM32F1xx/Include -I../Drivers/CMSIS/Include -O0 -ffunction-sections -fdata-sections -Wall -fstack-usage -fcyclomatic-complexity -MMD -MP -MF"Core/Src/main.d" -MT"Core/Src/main.o" --specs=nano.specs -mfloat-abi=soft -mthumb -o "Core/Src/main.o"
arm-none-eabi-gcc -o "bluePill_dual_PWM_audio.elf" @"objects.list"   -mcpu=cortex-m3 -T"C:\Users\leand\git\STM32_Experimental_Audio\PWM\workspace-stm32\bluePill_dual_PWM_audio\STM32F103C8TX_FLASH.ld" --specs=nosys.specs -Wl,-Map="bluePill_dual_PWM_audio.map" -Wl,--gc-sections -static --specs=nano.specs -mfloat-abi=soft -mthumb -Wl,--start-group -lc -lm -Wl,--end-group
Finished building target: bluePill_dual_PWM_audio.elf
 
arm-none-eabi-size  bluePill_dual_PWM_audio.elf 
arm-none-eabi-objdump -h -S bluePill_dual_PWM_audio.elf  > "bluePill_dual_PWM_audio.list"
   text	   data	    bss	    dec	    hex	filename
  13440	     12	   5932	  19384	   4bb8	bluePill_dual_PWM_audio.elf
Finished building: default.size.stdout
 
Finished building: bluePill_dual_PWM_audio.list
 
16:45:14 **** Incremental Build of configuration Debug for project bluePill_dual_PWM_audio ****
make -j20 all 
arm-none-eabi-gcc "../Core/Src/main.c" -mcpu=cortex-m3 -std=gnu11 -g3 -DDEBUG -DUSE_HAL_DRIVER -DSTM32F103xB -c -I../Core/Inc -I../Drivers/STM32F1xx_HAL_Driver/Inc -I../Drivers/STM32F1xx_HAL_Driver/Inc/Legacy -I../Drivers/CMSIS/Device/ST/STM32F1xx/Include -I../Drivers/CMSIS/Include -O0 -ffunction-sections -fdata-sections -Wall -fstack-usage -fcyclomatic-complexity -MMD -MP -MF"Core/Src/main.d" -MT"Core/Src/main.o" --specs=nano.specs -mfloat-abi=soft -mthumb -o "Core/Src/main.o"
arm-none-eabi-gcc -o "bluePill_dual_PWM_audio.elf" @"objects.list"   -mcpu=cortex-m3 -T"C:\Users\leand\git\STM32_Experimental_Audio\PWM\workspace-stm32\bluePill_dual_PWM_audio\STM32F103C8TX_FLASH.ld" --specs=nosys.specs -Wl,-Map="bluePill_dual_PWM_audio.map" -Wl,--gc-sections -static --specs=nano.specs -mfloat-abi=soft -mthumb -Wl,--start-group -lc -lm -Wl,--end-group
Finished building target: bluePill_dual_PWM_audio.elf
 
arm-none-eabi-size  bluePill_dual_PWM_audio.elf 
arm-none-eabi-objdump -h -S bluePill_dual_PWM_audio.elf  > "bluePill_dual_PWM_audio.list"
   text	   data	    bss	    dec	    hex	filename
  13416	     12	   5932	  19360	   4ba0	bluePill_dual_PWM_audio.elf
Finished building: default.size.stdout
 
Finished building: bluePill_dual_PWM_audio.list
 
16:45:54 **** Incremental Build of configuration Debug for project bluePill_dual_PWM_audio ****
make -j20 all 
arm-none-eabi-gcc "../Core/Src/main.c" -mcpu=cortex-m3 -std=gnu11 -g3 -DDEBUG -DUSE_HAL_DRIVER -DSTM32F103xB -c -I../Core/Inc -I../Drivers/STM32F1xx_HAL_Driver/Inc -I../Drivers/STM32F1xx_HAL_Driver/Inc/Legacy -I../Drivers/CMSIS/Device/ST/STM32F1xx/Include -I../Drivers/CMSIS/Include -O0 -ffunction-sections -fdata-sections -Wall -fstack-usage -fcyclomatic-complexity -MMD -MP -MF"Core/Src/main.d" -MT"Core/Src/main.o" --specs=nano.specs -mfloat-abi=soft -mthumb -o "Core/Src/main.o"
arm-none-eabi-gcc -o "bluePill_dual_PWM_audio.elf" @"objects.list"   -mcpu=cortex-m3 -T"C:\Users\leand\git\STM32_Experimental_Audio\PWM\workspace-stm32\bluePill_dual_PWM_audio\STM32F103C8TX_FLASH.ld" --specs=nosys.specs -Wl,-Map="bluePill_dual_PWM_audio.map" -Wl,--gc-sections -static --specs=nano.specs -mfloat-abi=soft -mthumb -Wl,--start-group -lc -lm -Wl,--end-group
Finished building target: bluePill_dual_PWM_audio.elf
 
arm-none-eabi-size  bluePill_dual_PWM_audio.elf 
arm-none-eabi-objdump -h -S bluePill_dual_PWM_audio.elf  > "bluePill_dual_PWM_audio.list"
   text	   data	    bss	    dec	    hex	filename
  13416	     12	   5932	  19360	   4ba0	bluePill_dual_PWM_audio.elf
Finished building: default.size.stdout
 
Finished building: bluePill_dual_PWM_audio.list
 
16:46:27 **** Incremental Build of configuration Debug for project bluePill_dual_PWM_audio ****
make -j20 all 
arm-none-eabi-gcc "../Core/Src/main.c" -mcpu=cortex-m3 -std=gnu11 -g3 -DDEBUG -DUSE_HAL_DRIVER -DSTM32F103xB -c -I../Core/Inc -I../Drivers/STM32F1xx_HAL_Driver/Inc -I../Drivers/STM32F1xx_HAL_Driver/Inc/Legacy -I../Drivers/CMSIS/Device/ST/STM32F1xx/Include -I../Drivers/CMSIS/Include -O0 -ffunction-sections -fdata-sections -Wall -fstack-usage -fcyclomatic-complexity -MMD -MP -MF"Core/Src/main.d" -MT"Core/Src/main.o" --specs=nano.specs -mfloat-abi=soft -mthumb -o "Core/Src/main.o"
arm-none-eabi-gcc -o "bluePill_dual_PWM_audio.elf" @"objects.list"   -mcpu=cortex-m3 -T"C:\Users\leand\git\STM32_Experimental_Audio\PWM\workspace-stm32\bluePill_dual_PWM_audio\STM32F103C8TX_FLASH.ld" --specs=nosys.specs -Wl,-Map="bluePill_dual_PWM_audio.map" -Wl,--gc-sections -static --specs=nano.specs -mfloat-abi=soft -mthumb -Wl,--start-group -lc -lm -Wl,--end-group
Finished building target: bluePill_dual_PWM_audio.elf
 
arm-none-eabi-size  bluePill_dual_PWM_audio.elf 
arm-none-eabi-objdump -h -S bluePill_dual_PWM_audio.elf  > "bluePill_dual_PWM_audio.list"
   text	   data	    bss	    dec	    hex	filename
  13416	     12	   5932	  19360	   4ba0	bluePill_dual_PWM_audio.elf
Finished building: default.size.stdout
 
Finished building: bluePill_dual_PWM_audio.list
 
16:49:21 **** Incremental Build of configuration Debug for project bluePill_dual_PWM_audio ****
make -j20 all 
arm-none-eabi-gcc "../Core/Src/main.c" -mcpu=cortex-m3 -std=gnu11 -g3 -DDEBUG -DUSE_HAL_DRIVER -DSTM32F103xB -c -I../Core/Inc -I../Drivers/STM32F1xx_HAL_Driver/Inc -I../Drivers/STM32F1xx_HAL_Driver/Inc/Legacy -I../Drivers/CMSIS/Device/ST/STM32F1xx/Include -I../Drivers/CMSIS/Include -O0 -ffunction-sections -fdata-sections -Wall -fstack-usage -fcyclomatic-complexity -MMD -MP -MF"Core/Src/main.d" -MT"Core/Src/main.o" --specs=nano.specs -mfloat-abi=soft -mthumb -o "Core/Src/main.o"
arm-none-eabi-gcc -o "bluePill_dual_PWM_audio.elf" @"objects.list"   -mcpu=cortex-m3 -T"C:\Users\leand\git\STM32_Experimental_Audio\PWM\workspace-stm32\bluePill_dual_PWM_audio\STM32F103C8TX_FLASH.ld" --specs=nosys.specs -Wl,-Map="bluePill_dual_PWM_audio.map" -Wl,--gc-sections -static --specs=nano.specs -mfloat-abi=soft -mthumb -Wl,--start-group -lc -lm -Wl,--end-group
Finished building target: bluePill_dual_PWM_audio.elf
 
arm-none-eabi-size  bluePill_dual_PWM_audio.elf 
arm-none-eabi-objdump -h -S bluePill_dual_PWM_audio.elf  > "bluePill_dual_PWM_audio.list"
   text	   data	    bss	    dec	    hex	filename
  13432	     12	   5932	  19376	   4bb0	bluePill_dual_PWM_audio.elf
Finished building: default.size.stdout
 
Finished building: bluePill_dual_PWM_audio.list
 
16:51:21 **** Incremental Build of configuration Debug for project bluePill_dual_PWM_audio ****
make -j20 all 
arm-none-eabi-gcc "../Core/Src/main.c" -mcpu=cortex-m3 -std=gnu11 -g3 -DDEBUG -DUSE_HAL_DRIVER -DSTM32F103xB -c -I../Core/Inc -I../Drivers/STM32F1xx_HAL_Driver/Inc -I../Drivers/STM32F1xx_HAL_Driver/Inc/Legacy -I../Drivers/CMSIS/Device/ST/STM32F1xx/Include -I../Drivers/CMSIS/Include -O0 -ffunction-sections -fdata-sections -Wall -fstack-usage -fcyclomatic-complexity -MMD -MP -MF"Core/Src/main.d" -MT"Core/Src/main.o" --specs=nano.specs -mfloat-abi=soft -mthumb -o "Core/Src/main.o"
arm-none-eabi-gcc -o "bluePill_dual_PWM_audio.elf" @"objects.list"   -mcpu=cortex-m3 -T"C:\Users\leand\git\STM32_Experimental_Audio\PWM\workspace-stm32\bluePill_dual_PWM_audio\STM32F103C8TX_FLASH.ld" --specs=nosys.specs -Wl,-Map="bluePill_dual_PWM_audio.map" -Wl,--gc-sections -static --specs=nano.specs -mfloat-abi=soft -mthumb -Wl,--start-group -lc -lm -Wl,--end-group
Finished building target: bluePill_dual_PWM_audio.elf
 
arm-none-eabi-size  bluePill_dual_PWM_audio.elf 
arm-none-eabi-objdump -h -S bluePill_dual_PWM_audio.elf  > "bluePill_dual_PWM_audio.list"
   text	   data	    bss	    dec	    hex	filename
  13420	     12	   5932	  19364	   4ba4	bluePill_dual_PWM_audio.elf
Finished building: default.size.stdout
 
Finished building: bluePill_dual_PWM_audio.list
 
16:54:21 **** Incremental Build of configuration Debug for project bluePill_dual_PWM_audio ****
make -j20 all 
arm-none-eabi-gcc "../Core/Src/main.c" -mcpu=cortex-m3 -std=gnu11 -g3 -DDEBUG -DUSE_HAL_DRIVER -DSTM32F103xB -c -I../Core/Inc -I../Drivers/STM32F1xx_HAL_Driver/Inc -I../Drivers/STM32F1xx_HAL_Driver/Inc/Legacy -I../Drivers/CMSIS/Device/ST/STM32F1xx/Include -I../Drivers/CMSIS/Include -O0 -ffunction-sections -fdata-sections -Wall -fstack-usage -fcyclomatic-complexity -MMD -MP -MF"Core/Src/main.d" -MT"Core/Src/main.o" --specs=nano.specs -mfloat-abi=soft -mthumb -o "Core/Src/main.o"
arm-none-eabi-gcc -o "bluePill_dual_PWM_audio.elf" @"objects.list"   -mcpu=cortex-m3 -T"C:\Users\leand\git\STM32_Experimental_Audio\PWM\workspace-stm32\bluePill_dual_PWM_audio\STM32F103C8TX_FLASH.ld" --specs=nosys.specs -Wl,-Map="bluePill_dual_PWM_audio.map" -Wl,--gc-sections -static --specs=nano.specs -mfloat-abi=soft -mthumb -Wl,--start-group -lc -lm -Wl,--end-group
Finished building target: bluePill_dual_PWM_audio.elf
 
arm-none-eabi-size  bluePill_dual_PWM_audio.elf 
arm-none-eabi-objdump -h -S bluePill_dual_PWM_audio.elf  > "bluePill_dual_PWM_audio.list"
   text	   data	    bss	    dec	    hex	filename
  13444	     12	   5932	  19388	   4bbc	bluePill_dual_PWM_audio.elf
Finished building: default.size.stdout
 
Finished building: bluePill_dual_PWM_audio.list
 
16:55:22 **** Incremental Build of configuration Debug for project bluePill_dual_PWM_audio ****
make -j20 all 
arm-none-eabi-gcc "../Core/Src/main.c" -mcpu=cortex-m3 -std=gnu11 -g3 -DDEBUG -DUSE_HAL_DRIVER -DSTM32F103xB -c -I../Core/Inc -I../Drivers/STM32F1xx_HAL_Driver/Inc -I../Drivers/STM32F1xx_HAL_Driver/Inc/Legacy -I../Drivers/CMSIS/Device/ST/STM32F1xx/Include -I../Drivers/CMSIS/Include -O0 -ffunction-sections -fdata-sections -Wall -fstack-usage -fcyclomatic-complexity -MMD -MP -MF"Core/Src/main.d" -MT"Core/Src/main.o" --specs=nano.specs -mfloat-abi=soft -mthumb -o "Core/Src/main.o"
arm-none-eabi-gcc -o "bluePill_dual_PWM_audio.elf" @"objects.list"   -mcpu=cortex-m3 -T"C:\Users\leand\git\STM32_Experimental_Audio\PWM\workspace-stm32\bluePill_dual_PWM_audio\STM32F103C8TX_FLASH.ld" --specs=nosys.specs -Wl,-Map="bluePill_dual_PWM_audio.map" -Wl,--gc-sections -static --specs=nano.specs -mfloat-abi=soft -mthumb -Wl,--start-group -lc -lm -Wl,--end-group
Finished building target: bluePill_dual_PWM_audio.elf
 
arm-none-eabi-size  bluePill_dual_PWM_audio.elf 
arm-none-eabi-objdump -h -S bluePill_dual_PWM_audio.elf  > "bluePill_dual_PWM_audio.list"
   text	   data	    bss	    dec	    hex	filename
  13416	     12	   5932	  19360	   4ba0	bluePill_dual_PWM_audio.elf
Finished building: default.size.stdout
 
Finished building: bluePill_dual_PWM_audio.list
 
16:56:01 **** Incremental Build of configuration Debug for project bluePill_dual_PWM_audio ****
make -j20 all 
arm-none-eabi-gcc "../Core/Src/main.c" -mcpu=cortex-m3 -std=gnu11 -g3 -DDEBUG -DUSE_HAL_DRIVER -DSTM32F103xB -c -I../Core/Inc -I../Drivers/STM32F1xx_HAL_Driver/Inc -I../Drivers/STM32F1xx_HAL_Driver/Inc/Legacy -I../Drivers/CMSIS/Device/ST/STM32F1xx/Include -I../Drivers/CMSIS/Include -O0 -ffunction-sections -fdata-sections -Wall -fstack-usage -fcyclomatic-complexity -MMD -MP -MF"Core/Src/main.d" -MT"Core/Src/main.o" --specs=nano.specs -mfloat-abi=soft -mthumb -o "Core/Src/main.o"
arm-none-eabi-gcc -o "bluePill_dual_PWM_audio.elf" @"objects.list"   -mcpu=cortex-m3 -T"C:\Users\leand\git\STM32_Experimental_Audio\PWM\workspace-stm32\bluePill_dual_PWM_audio\STM32F103C8TX_FLASH.ld" --specs=nosys.specs -Wl,-Map="bluePill_dual_PWM_audio.map" -Wl,--gc-sections -static --specs=nano.specs -mfloat-abi=soft -mthumb -Wl,--start-group -lc -lm -Wl,--end-group
Finished building target: bluePill_dual_PWM_audio.elf
 
arm-none-eabi-size  bluePill_dual_PWM_audio.elf 
arm-none-eabi-objdump -h -S bluePill_dual_PWM_audio.elf  > "bluePill_dual_PWM_audio.list"
   text	   data	    bss	    dec	    hex	filename
  13440	     12	   5932	  19384	   4bb8	bluePill_dual_PWM_audio.elf
Finished building: default.size.stdout
 
Finished building: bluePill_dual_PWM_audio.list
 
16:59:06 **** Incremental Build of configuration Debug for project bluePill_dual_PWM_audio ****
make -j20 all 
arm-none-eabi-gcc "../Core/Src/main.c" -mcpu=cortex-m3 -std=gnu11 -g3 -DDEBUG -DUSE_HAL_DRIVER -DSTM32F103xB -c -I../Core/Inc -I../Drivers/STM32F1xx_HAL_Driver/Inc -I../Drivers/STM32F1xx_HAL_Driver/Inc/Legacy -I../Drivers/CMSIS/Device/ST/STM32F1xx/Include -I../Drivers/CMSIS/Include -O0 -ffunction-sections -fdata-sections -Wall -fstack-usage -fcyclomatic-complexity -MMD -MP -MF"Core/Src/main.d" -MT"Core/Src/main.o" --specs=nano.specs -mfloat-abi=soft -mthumb -o "Core/Src/main.o"
arm-none-eabi-gcc -o "bluePill_dual_PWM_audio.elf" @"objects.list"   -mcpu=cortex-m3 -T"C:\Users\leand\git\STM32_Experimental_Audio\PWM\workspace-stm32\bluePill_dual_PWM_audio\STM32F103C8TX_FLASH.ld" --specs=nosys.specs -Wl,-Map="bluePill_dual_PWM_audio.map" -Wl,--gc-sections -static --specs=nano.specs -mfloat-abi=soft -mthumb -Wl,--start-group -lc -lm -Wl,--end-group
Finished building target: bluePill_dual_PWM_audio.elf
 
arm-none-eabi-size  bluePill_dual_PWM_audio.elf 
arm-none-eabi-objdump -h -S bluePill_dual_PWM_audio.elf  > "bluePill_dual_PWM_audio.list"
   text	   data	    bss	    dec	    hex	filename
  13440	     12	  10028	  23480	   5bb8	bluePill_dual_PWM_audio.elf
Finished building: default.size.stdout
 
Finished building: bluePill_dual_PWM_audio.list
 
17:00:41 **** Incremental Build of configuration Debug for project bluePill_dual_PWM_audio ****
make -j20 all 
arm-none-eabi-gcc "../Core/Src/main.c" -mcpu=cortex-m3 -std=gnu11 -g3 -DDEBUG -DUSE_HAL_DRIVER -DSTM32F103xB -c -I../Core/Inc -I../Drivers/STM32F1xx_HAL_Driver/Inc -I../Drivers/STM32F1xx_HAL_Driver/Inc/Legacy -I../Drivers/CMSIS/Device/ST/STM32F1xx/Include -I../Drivers/CMSIS/Include -O0 -ffunction-sections -fdata-sections -Wall -fstack-usage -fcyclomatic-complexity -MMD -MP -MF"Core/Src/main.d" -MT"Core/Src/main.o" --specs=nano.specs -mfloat-abi=soft -mthumb -o "Core/Src/main.o"
arm-none-eabi-gcc -o "bluePill_dual_PWM_audio.elf" @"objects.list"   -mcpu=cortex-m3 -T"C:\Users\leand\git\STM32_Experimental_Audio\PWM\workspace-stm32\bluePill_dual_PWM_audio\STM32F103C8TX_FLASH.ld" --specs=nosys.specs -Wl,-Map="bluePill_dual_PWM_audio.map" -Wl,--gc-sections -static --specs=nano.specs -mfloat-abi=soft -mthumb -Wl,--start-group -lc -lm -Wl,--end-group
Finished building target: bluePill_dual_PWM_audio.elf
 
arm-none-eabi-size  bluePill_dual_PWM_audio.elf 
arm-none-eabi-objdump -h -S bluePill_dual_PWM_audio.elf  > "bluePill_dual_PWM_audio.list"
   text	   data	    bss	    dec	    hex	filename
  13492	     12	  10028	  23532	   5bec	bluePill_dual_PWM_audio.elf
Finished building: default.size.stdout
 
Finished building: bluePill_dual_PWM_audio.list
 
17:01:57 **** Incremental Build of configuration Debug for project bluePill_dual_PWM_audio ****
make -j20 all 
arm-none-eabi-gcc "../Core/Src/main.c" -mcpu=cortex-m3 -std=gnu11 -g3 -DDEBUG -DUSE_HAL_DRIVER -DSTM32F103xB -c -I../Core/Inc -I../Drivers/STM32F1xx_HAL_Driver/Inc -I../Drivers/STM32F1xx_HAL_Driver/Inc/Legacy -I../Drivers/CMSIS/Device/ST/STM32F1xx/Include -I../Drivers/CMSIS/Include -O0 -ffunction-sections -fdata-sections -Wall -fstack-usage -fcyclomatic-complexity -MMD -MP -MF"Core/Src/main.d" -MT"Core/Src/main.o" --specs=nano.specs -mfloat-abi=soft -mthumb -o "Core/Src/main.o"
arm-none-eabi-gcc -o "bluePill_dual_PWM_audio.elf" @"objects.list"   -mcpu=cortex-m3 -T"C:\Users\leand\git\STM32_Experimental_Audio\PWM\workspace-stm32\bluePill_dual_PWM_audio\STM32F103C8TX_FLASH.ld" --specs=nosys.specs -Wl,-Map="bluePill_dual_PWM_audio.map" -Wl,--gc-sections -static --specs=nano.specs -mfloat-abi=soft -mthumb -Wl,--start-group -lc -lm -Wl,--end-group
Finished building target: bluePill_dual_PWM_audio.elf
 
arm-none-eabi-size  bluePill_dual_PWM_audio.elf 
arm-none-eabi-objdump -h -S bluePill_dual_PWM_audio.elf  > "bluePill_dual_PWM_audio.list"
   text	   data	    bss	    dec	    hex	filename
  13492	     12	   5932	  19436	   4bec	bluePill_dual_PWM_audio.elf
Finished building: default.size.stdout
 
Finished building: bluePill_dual_PWM_audio.list
 
17:02:34 **** Incremental Build of configuration Debug for project bluePill_dual_PWM_audio ****
make -j20 all 
arm-none-eabi-gcc "../Core/Src/main.c" -mcpu=cortex-m3 -std=gnu11 -g3 -DDEBUG -DUSE_HAL_DRIVER -DSTM32F103xB -c -I../Core/Inc -I../Drivers/STM32F1xx_HAL_Driver/Inc -I../Drivers/STM32F1xx_HAL_Driver/Inc/Legacy -I../Drivers/CMSIS/Device/ST/STM32F1xx/Include -I../Drivers/CMSIS/Include -O0 -ffunction-sections -fdata-sections -Wall -fstack-usage -fcyclomatic-complexity -MMD -MP -MF"Core/Src/main.d" -MT"Core/Src/main.o" --specs=nano.specs -mfloat-abi=soft -mthumb -o "Core/Src/main.o"
arm-none-eabi-gcc -o "bluePill_dual_PWM_audio.elf" @"objects.list"   -mcpu=cortex-m3 -T"C:\Users\leand\git\STM32_Experimental_Audio\PWM\workspace-stm32\bluePill_dual_PWM_audio\STM32F103C8TX_FLASH.ld" --specs=nosys.specs -Wl,-Map="bluePill_dual_PWM_audio.map" -Wl,--gc-sections -static --specs=nano.specs -mfloat-abi=soft -mthumb -Wl,--start-group -lc -lm -Wl,--end-group
Finished building target: bluePill_dual_PWM_audio.elf
 
arm-none-eabi-size  bluePill_dual_PWM_audio.elf 
arm-none-eabi-objdump -h -S bluePill_dual_PWM_audio.elf  > "bluePill_dual_PWM_audio.list"
   text	   data	    bss	    dec	    hex	filename
  13512	     12	   5932	  19456	   4c00	bluePill_dual_PWM_audio.elf
Finished building: default.size.stdout
 
Finished building: bluePill_dual_PWM_audio.list
 
17:03:13 **** Incremental Build of configuration Debug for project bluePill_dual_PWM_audio ****
make -j20 all 
arm-none-eabi-gcc "../Core/Src/main.c" -mcpu=cortex-m3 -std=gnu11 -g3 -DDEBUG -DUSE_HAL_DRIVER -DSTM32F103xB -c -I../Core/Inc -I../Drivers/STM32F1xx_HAL_Driver/Inc -I../Drivers/STM32F1xx_HAL_Driver/Inc/Legacy -I../Drivers/CMSIS/Device/ST/STM32F1xx/Include -I../Drivers/CMSIS/Include -O0 -ffunction-sections -fdata-sections -Wall -fstack-usage -fcyclomatic-complexity -MMD -MP -MF"Core/Src/main.d" -MT"Core/Src/main.o" --specs=nano.specs -mfloat-abi=soft -mthumb -o "Core/Src/main.o"
arm-none-eabi-gcc -o "bluePill_dual_PWM_audio.elf" @"objects.list"   -mcpu=cortex-m3 -T"C:\Users\leand\git\STM32_Experimental_Audio\PWM\workspace-stm32\bluePill_dual_PWM_audio\STM32F103C8TX_FLASH.ld" --specs=nosys.specs -Wl,-Map="bluePill_dual_PWM_audio.map" -Wl,--gc-sections -static --specs=nano.specs -mfloat-abi=soft -mthumb -Wl,--start-group -lc -lm -Wl,--end-group
Finished building target: bluePill_dual_PWM_audio.elf
 
arm-none-eabi-size  bluePill_dual_PWM_audio.elf 
arm-none-eabi-objdump -h -S bluePill_dual_PWM_audio.elf  > "bluePill_dual_PWM_audio.list"
   text	   data	    bss	    dec	    hex	filename
  13512	     12	  18220	  31744	   7c00	bluePill_dual_PWM_audio.elf
Finished building: default.size.stdout
 
Finished building: bluePill_dual_PWM_audio.list
 
17:03:36 **** Incremental Build of configuration Debug for project bluePill_dual_PWM_audio ****
make -j20 all 
arm-none-eabi-gcc "../Core/Src/main.c" -mcpu=cortex-m3 -std=gnu11 -g3 -DDEBUG -DUSE_HAL_DRIVER -DSTM32F103xB -c -I../Core/Inc -I../Drivers/STM32F1xx_HAL_Driver/Inc -I../Drivers/STM32F1xx_HAL_Driver/Inc/Legacy -I../Drivers/CMSIS/Device/ST/STM32F1xx/Include -I../Drivers/CMSIS/Include -O0 -ffunction-sections -fdata-sections -Wall -fstack-usage -fcyclomatic-complexity -MMD -MP -MF"Core/Src/main.d" -MT"Core/Src/main.o" --specs=nano.specs -mfloat-abi=soft -mthumb -o "Core/Src/main.o"
arm-none-eabi-gcc -o "bluePill_dual_PWM_audio.elf" @"objects.list"   -mcpu=cortex-m3 -T"C:\Users\leand\git\STM32_Experimental_Audio\PWM\workspace-stm32\bluePill_dual_PWM_audio\STM32F103C8TX_FLASH.ld" --specs=nosys.specs -Wl,-Map="bluePill_dual_PWM_audio.map" -Wl,--gc-sections -static --specs=nano.specs -mfloat-abi=soft -mthumb -Wl,--start-group -lc -lm -Wl,--end-group
Finished building target: bluePill_dual_PWM_audio.elf
 
arm-none-eabi-size  bluePill_dual_PWM_audio.elf 
arm-none-eabi-objdump -h -S bluePill_dual_PWM_audio.elf  > "bluePill_dual_PWM_audio.list"
   text	   data	    bss	    dec	    hex	filename
  13512	     12	  10028	  23552	   5c00	bluePill_dual_PWM_audio.elf
Finished building: default.size.stdout
 
Finished building: bluePill_dual_PWM_audio.list
 
17:07:19 **** Incremental Build of configuration Debug for project bluePill_dual_PWM_audio ****
make -j20 all 
arm-none-eabi-gcc "../Core/Src/main.c" -mcpu=cortex-m3 -std=gnu11 -g3 -DDEBUG -DUSE_HAL_DRIVER -DSTM32F103xB -c -I../Core/Inc -I../Drivers/STM32F1xx_HAL_Driver/Inc -I../Drivers/STM32F1xx_HAL_Driver/Inc/Legacy -I../Drivers/CMSIS/Device/ST/STM32F1xx/Include -I../Drivers/CMSIS/Include -O0 -ffunction-sections -fdata-sections -Wall -fstack-usage -fcyclomatic-complexity -MMD -MP -MF"Core/Src/main.d" -MT"Core/Src/main.o" --specs=nano.specs -mfloat-abi=soft -mthumb -o "Core/Src/main.o"
arm-none-eabi-gcc -o "bluePill_dual_PWM_audio.elf" @"objects.list"   -mcpu=cortex-m3 -T"C:\Users\leand\git\STM32_Experimental_Audio\PWM\workspace-stm32\bluePill_dual_PWM_audio\STM32F103C8TX_FLASH.ld" --specs=nosys.specs -Wl,-Map="bluePill_dual_PWM_audio.map" -Wl,--gc-sections -static --specs=nano.specs -mfloat-abi=soft -mthumb -Wl,--start-group -lc -lm -Wl,--end-group
Finished building target: bluePill_dual_PWM_audio.elf
 
arm-none-eabi-size  bluePill_dual_PWM_audio.elf 
arm-none-eabi-objdump -h -S bluePill_dual_PWM_audio.elf  > "bluePill_dual_PWM_audio.list"
   text	   data	    bss	    dec	    hex	filename
  13536	     12	  10028	  23576	   5c18	bluePill_dual_PWM_audio.elf
Finished building: default.size.stdout
 
Finished building: bluePill_dual_PWM_audio.list
 
17:08:16 **** Incremental Build of configuration Debug for project bluePill_dual_PWM_audio ****
make -j20 all 
arm-none-eabi-gcc "../Core/Src/main.c" -mcpu=cortex-m3 -std=gnu11 -g3 -DDEBUG -DUSE_HAL_DRIVER -DSTM32F103xB -c -I../Core/Inc -I../Drivers/STM32F1xx_HAL_Driver/Inc -I../Drivers/STM32F1xx_HAL_Driver/Inc/Legacy -I../Drivers/CMSIS/Device/ST/STM32F1xx/Include -I../Drivers/CMSIS/Include -O0 -ffunction-sections -fdata-sections -Wall -fstack-usage -fcyclomatic-complexity -MMD -MP -MF"Core/Src/main.d" -MT"Core/Src/main.o" --specs=nano.specs -mfloat-abi=soft -mthumb -o "Core/Src/main.o"
arm-none-eabi-gcc -o "bluePill_dual_PWM_audio.elf" @"objects.list"   -mcpu=cortex-m3 -T"C:\Users\leand\git\STM32_Experimental_Audio\PWM\workspace-stm32\bluePill_dual_PWM_audio\STM32F103C8TX_FLASH.ld" --specs=nosys.specs -Wl,-Map="bluePill_dual_PWM_audio.map" -Wl,--gc-sections -static --specs=nano.specs -mfloat-abi=soft -mthumb -Wl,--start-group -lc -lm -Wl,--end-group
Finished building target: bluePill_dual_PWM_audio.elf
 
arm-none-eabi-size  bluePill_dual_PWM_audio.elf 
arm-none-eabi-objdump -h -S bluePill_dual_PWM_audio.elf  > "bluePill_dual_PWM_audio.list"
   text	   data	    bss	    dec	    hex	filename
  13536	     12	  10028	  23576	   5c18	bluePill_dual_PWM_audio.elf
Finished building: default.size.stdout
 
Finished building: bluePill_dual_PWM_audio.list
 
17:12:15 **** Incremental Build of configuration Debug for project bluePill_dual_PWM_audio ****
make -j20 all 
arm-none-eabi-gcc "../Core/Src/main.c" -mcpu=cortex-m3 -std=gnu11 -g3 -DDEBUG -DUSE_HAL_DRIVER -DSTM32F103xB -c -I../Core/Inc -I../Drivers/STM32F1xx_HAL_Driver/Inc -I../Drivers/STM32F1xx_HAL_Driver/Inc/Legacy -I../Drivers/CMSIS/Device/ST/STM32F1xx/Include -I../Drivers/CMSIS/Include -O0 -ffunction-sections -fdata-sections -Wall -fstack-usage -fcyclomatic-complexity -MMD -MP -MF"Core/Src/main.d" -MT"Core/Src/main.o" --specs=nano.specs -mfloat-abi=soft -mthumb -o "Core/Src/main.o"
arm-none-eabi-gcc -o "bluePill_dual_PWM_audio.elf" @"objects.list"   -mcpu=cortex-m3 -T"C:\Users\leand\git\STM32_Experimental_Audio\PWM\workspace-stm32\bluePill_dual_PWM_audio\STM32F103C8TX_FLASH.ld" --specs=nosys.specs -Wl,-Map="bluePill_dual_PWM_audio.map" -Wl,--gc-sections -static --specs=nano.specs -mfloat-abi=soft -mthumb -Wl,--start-group -lc -lm -Wl,--end-group
Finished building target: bluePill_dual_PWM_audio.elf
 
arm-none-eabi-size  bluePill_dual_PWM_audio.elf 
arm-none-eabi-objdump -h -S bluePill_dual_PWM_audio.elf  > "bluePill_dual_PWM_audio.list"
   text	   data	    bss	    dec	    hex	filename
  13540	     12	  10028	  23580	   5c1c	bluePill_dual_PWM_audio.elf
Finished building: default.size.stdout
 
Finished building: bluePill_dual_PWM_audio.list
 
