18:57:25 **** Incremental Build of configuration Debug for project bluePill_dual_PWM_IIR_bandpass ****
make -j20 all 
arm-none-eabi-gcc "../Core/Src/main.c" -mcpu=cortex-m3 -std=gnu11 -g3 -DDEBUG -DUSE_HAL_DRIVER -DSTM32F103xB -c -I../Core/Inc -I"C:/Users/leand/git/STM32_Experimental_Audio/PWM/workspace-stm32/bluePill_dual_PWM_IIR_bandpass/Drivers/CMSIS_DSP/Include" -I../Drivers/STM32F1xx_HAL_Driver/Inc -I../Drivers/STM32F1xx_HAL_Driver/Inc/Legacy -I../Drivers/CMSIS/Device/ST/STM32F1xx/Include -I../Drivers/CMSIS/Include -O0 -ffunction-sections -fdata-sections -Wall -fstack-usage -fcyclomatic-complexity -MMD -MP -MF"Core/Src/main.d" -MT"Core/Src/main.o" --specs=nano.specs -mfloat-abi=soft -mthumb -o "Core/Src/main.o"
arm-none-eabi-gcc -o "bluePill_dual_PWM_IIR_bandpass.elf" @"objects.list"   -mcpu=cortex-m3 -T"C:\Users\leand\git\STM32_Experimental_Audio\PWM\workspace-stm32\bluePill_dual_PWM_IIR_bandpass\STM32F103C8TX_FLASH.ld" --specs=nosys.specs -Wl,-Map="bluePill_dual_PWM_IIR_bandpass.map" -Wl,--gc-sections -static --specs=nano.specs -mfloat-abi=soft -mthumb -Wl,--start-group -lc -lm -Wl,--end-group
Finished building target: bluePill_dual_PWM_IIR_bandpass.elf
 
arm-none-eabi-size  bluePill_dual_PWM_IIR_bandpass.elf 
arm-none-eabi-objdump -h -S bluePill_dual_PWM_IIR_bandpass.elf  > "bluePill_dual_PWM_IIR_bandpass.list"
   text	   data	    bss	    dec	    hex	filename
  13700	     12	   3060	  16772	   4184	bluePill_dual_PWM_IIR_bandpass.elf
Finished building: default.size.stdout
 
Finished building: bluePill_dual_PWM_IIR_bandpass.list
 
18:57:40 **** Incremental Build of configuration Debug for project bluePill_dual_PWM_IIR_bandpass ****
make -j20 all 
arm-none-eabi-gcc "../Core/Src/main.c" -mcpu=cortex-m3 -std=gnu11 -g3 -DDEBUG -DUSE_HAL_DRIVER -DSTM32F103xB -c -I../Core/Inc -I"C:/Users/leand/git/STM32_Experimental_Audio/PWM/workspace-stm32/bluePill_dual_PWM_IIR_bandpass/Drivers/CMSIS_DSP/Include" -I../Drivers/STM32F1xx_HAL_Driver/Inc -I../Drivers/STM32F1xx_HAL_Driver/Inc/Legacy -I../Drivers/CMSIS/Device/ST/STM32F1xx/Include -I../Drivers/CMSIS/Include -O0 -ffunction-sections -fdata-sections -Wall -fstack-usage -fcyclomatic-complexity -MMD -MP -MF"Core/Src/main.d" -MT"Core/Src/main.o" --specs=nano.specs -mfloat-abi=soft -mthumb -o "Core/Src/main.o"
arm-none-eabi-gcc -o "bluePill_dual_PWM_IIR_bandpass.elf" @"objects.list"   -mcpu=cortex-m3 -T"C:\Users\leand\git\STM32_Experimental_Audio\PWM\workspace-stm32\bluePill_dual_PWM_IIR_bandpass\STM32F103C8TX_FLASH.ld" --specs=nosys.specs -Wl,-Map="bluePill_dual_PWM_IIR_bandpass.map" -Wl,--gc-sections -static --specs=nano.specs -mfloat-abi=soft -mthumb -Wl,--start-group -lc -lm -Wl,--end-group
Finished building target: bluePill_dual_PWM_IIR_bandpass.elf
 
arm-none-eabi-size  bluePill_dual_PWM_IIR_bandpass.elf 
arm-none-eabi-objdump -h -S bluePill_dual_PWM_IIR_bandpass.elf  > "bluePill_dual_PWM_IIR_bandpass.list"
   text	   data	    bss	    dec	    hex	filename
  13696	     12	   2804	  16512	   4080	bluePill_dual_PWM_IIR_bandpass.elf
Finished building: default.size.stdout
 
Finished building: bluePill_dual_PWM_IIR_bandpass.list
 
18:58:21 **** Incremental Build of configuration Debug for project bluePill_dual_PWM_IIR_bandpass ****
make -j20 all 
arm-none-eabi-gcc "../Core/Src/main.c" -mcpu=cortex-m3 -std=gnu11 -g3 -DDEBUG -DUSE_HAL_DRIVER -DSTM32F103xB -c -I../Core/Inc -I"C:/Users/leand/git/STM32_Experimental_Audio/PWM/workspace-stm32/bluePill_dual_PWM_IIR_bandpass/Drivers/CMSIS_DSP/Include" -I../Drivers/STM32F1xx_HAL_Driver/Inc -I../Drivers/STM32F1xx_HAL_Driver/Inc/Legacy -I../Drivers/CMSIS/Device/ST/STM32F1xx/Include -I../Drivers/CMSIS/Include -O0 -ffunction-sections -fdata-sections -Wall -fstack-usage -fcyclomatic-complexity -MMD -MP -MF"Core/Src/main.d" -MT"Core/Src/main.o" --specs=nano.specs -mfloat-abi=soft -mthumb -o "Core/Src/main.o"
arm-none-eabi-gcc -o "bluePill_dual_PWM_IIR_bandpass.elf" @"objects.list"   -mcpu=cortex-m3 -T"C:\Users\leand\git\STM32_Experimental_Audio\PWM\workspace-stm32\bluePill_dual_PWM_IIR_bandpass\STM32F103C8TX_FLASH.ld" --specs=nosys.specs -Wl,-Map="bluePill_dual_PWM_IIR_bandpass.map" -Wl,--gc-sections -static --specs=nano.specs -mfloat-abi=soft -mthumb -Wl,--start-group -lc -lm -Wl,--end-group
Finished building target: bluePill_dual_PWM_IIR_bandpass.elf
 
arm-none-eabi-size  bluePill_dual_PWM_IIR_bandpass.elf 
arm-none-eabi-objdump -h -S bluePill_dual_PWM_IIR_bandpass.elf  > "bluePill_dual_PWM_IIR_bandpass.list"
   text	   data	    bss	    dec	    hex	filename
  14028	     20	   3060	  17108	   42d4	bluePill_dual_PWM_IIR_bandpass.elf
Finished building: default.size.stdout
 
Finished building: bluePill_dual_PWM_IIR_bandpass.list
 
19:07:10 **** Incremental Build of configuration Debug for project bluePill_dual_PWM_IIR_bandpass ****
make -j20 all 
arm-none-eabi-gcc "../Core/Src/main.c" -mcpu=cortex-m3 -std=gnu11 -g3 -DDEBUG -DUSE_HAL_DRIVER -DSTM32F103xB -c -I../Core/Inc -I"C:/Users/leand/git/STM32_Experimental_Audio/PWM/workspace-stm32/bluePill_dual_PWM_IIR_bandpass/Drivers/CMSIS_DSP/Include" -I../Drivers/STM32F1xx_HAL_Driver/Inc -I../Drivers/STM32F1xx_HAL_Driver/Inc/Legacy -I../Drivers/CMSIS/Device/ST/STM32F1xx/Include -I../Drivers/CMSIS/Include -O0 -ffunction-sections -fdata-sections -Wall -fstack-usage -fcyclomatic-complexity -MMD -MP -MF"Core/Src/main.d" -MT"Core/Src/main.o" --specs=nano.specs -mfloat-abi=soft -mthumb -o "Core/Src/main.o"
arm-none-eabi-gcc -o "bluePill_dual_PWM_IIR_bandpass.elf" @"objects.list"   -mcpu=cortex-m3 -T"C:\Users\leand\git\STM32_Experimental_Audio\PWM\workspace-stm32\bluePill_dual_PWM_IIR_bandpass\STM32F103C8TX_FLASH.ld" --specs=nosys.specs -Wl,-Map="bluePill_dual_PWM_IIR_bandpass.map" -Wl,--gc-sections -static --specs=nano.specs -mfloat-abi=soft -mthumb -Wl,--start-group -lc -lm -Wl,--end-group
Finished building target: bluePill_dual_PWM_IIR_bandpass.elf
 
arm-none-eabi-size  bluePill_dual_PWM_IIR_bandpass.elf 
arm-none-eabi-objdump -h -S bluePill_dual_PWM_IIR_bandpass.elf  > "bluePill_dual_PWM_IIR_bandpass.list"
   text	   data	    bss	    dec	    hex	filename
  14128	     20	   3060	  17208	   4338	bluePill_dual_PWM_IIR_bandpass.elf
Finished building: default.size.stdout
 
Finished building: bluePill_dual_PWM_IIR_bandpass.list
 
19:08:14 **** Incremental Build of configuration Debug for project bluePill_dual_PWM_IIR_bandpass ****
make -j20 all 
arm-none-eabi-gcc "../Core/Src/main.c" -mcpu=cortex-m3 -std=gnu11 -g3 -DDEBUG -DUSE_HAL_DRIVER -DSTM32F103xB -c -I../Core/Inc -I"C:/Users/leand/git/STM32_Experimental_Audio/PWM/workspace-stm32/bluePill_dual_PWM_IIR_bandpass/Drivers/CMSIS_DSP/Include" -I../Drivers/STM32F1xx_HAL_Driver/Inc -I../Drivers/STM32F1xx_HAL_Driver/Inc/Legacy -I../Drivers/CMSIS/Device/ST/STM32F1xx/Include -I../Drivers/CMSIS/Include -O0 -ffunction-sections -fdata-sections -Wall -fstack-usage -fcyclomatic-complexity -MMD -MP -MF"Core/Src/main.d" -MT"Core/Src/main.o" --specs=nano.specs -mfloat-abi=soft -mthumb -o "Core/Src/main.o"
arm-none-eabi-gcc -o "bluePill_dual_PWM_IIR_bandpass.elf" @"objects.list"   -mcpu=cortex-m3 -T"C:\Users\leand\git\STM32_Experimental_Audio\PWM\workspace-stm32\bluePill_dual_PWM_IIR_bandpass\STM32F103C8TX_FLASH.ld" --specs=nosys.specs -Wl,-Map="bluePill_dual_PWM_IIR_bandpass.map" -Wl,--gc-sections -static --specs=nano.specs -mfloat-abi=soft -mthumb -Wl,--start-group -lc -lm -Wl,--end-group
Finished building target: bluePill_dual_PWM_IIR_bandpass.elf
 
arm-none-eabi-size  bluePill_dual_PWM_IIR_bandpass.elf 
arm-none-eabi-objdump -h -S bluePill_dual_PWM_IIR_bandpass.elf  > "bluePill_dual_PWM_IIR_bandpass.list"
   text	   data	    bss	    dec	    hex	filename
  13796	     12	   2804	  16612	   40e4	bluePill_dual_PWM_IIR_bandpass.elf
Finished building: default.size.stdout
 
Finished building: bluePill_dual_PWM_IIR_bandpass.list
 
19:10:59 **** Incremental Build of configuration Debug for project bluePill_dual_PWM_IIR_bandpass ****
make -j20 all 
arm-none-eabi-gcc "../Core/Src/main.c" -mcpu=cortex-m3 -std=gnu11 -g3 -DDEBUG -DUSE_HAL_DRIVER -DSTM32F103xB -c -I../Core/Inc -I"C:/Users/leand/git/STM32_Experimental_Audio/PWM/workspace-stm32/bluePill_dual_PWM_IIR_bandpass/Drivers/CMSIS_DSP/Include" -I../Drivers/STM32F1xx_HAL_Driver/Inc -I../Drivers/STM32F1xx_HAL_Driver/Inc/Legacy -I../Drivers/CMSIS/Device/ST/STM32F1xx/Include -I../Drivers/CMSIS/Include -O0 -ffunction-sections -fdata-sections -Wall -fstack-usage -fcyclomatic-complexity -MMD -MP -MF"Core/Src/main.d" -MT"Core/Src/main.o" --specs=nano.specs -mfloat-abi=soft -mthumb -o "Core/Src/main.o"
arm-none-eabi-gcc -o "bluePill_dual_PWM_IIR_bandpass.elf" @"objects.list"   -mcpu=cortex-m3 -T"C:\Users\leand\git\STM32_Experimental_Audio\PWM\workspace-stm32\bluePill_dual_PWM_IIR_bandpass\STM32F103C8TX_FLASH.ld" --specs=nosys.specs -Wl,-Map="bluePill_dual_PWM_IIR_bandpass.map" -Wl,--gc-sections -static --specs=nano.specs -mfloat-abi=soft -mthumb -Wl,--start-group -lc -lm -Wl,--end-group
Finished building target: bluePill_dual_PWM_IIR_bandpass.elf
 
arm-none-eabi-size  bluePill_dual_PWM_IIR_bandpass.elf 
arm-none-eabi-objdump -h -S bluePill_dual_PWM_IIR_bandpass.elf  > "bluePill_dual_PWM_IIR_bandpass.list"
   text	   data	    bss	    dec	    hex	filename
  14124	     20	   3060	  17204	   4334	bluePill_dual_PWM_IIR_bandpass.elf
Finished building: default.size.stdout
 
Finished building: bluePill_dual_PWM_IIR_bandpass.list
 
19:11:41 **** Incremental Build of configuration Debug for project bluePill_dual_PWM_IIR_bandpass ****
make -j20 all 
arm-none-eabi-gcc "../Core/Src/main.c" -mcpu=cortex-m3 -std=gnu11 -g3 -DDEBUG -DUSE_HAL_DRIVER -DSTM32F103xB -c -I../Core/Inc -I"C:/Users/leand/git/STM32_Experimental_Audio/PWM/workspace-stm32/bluePill_dual_PWM_IIR_bandpass/Drivers/CMSIS_DSP/Include" -I../Drivers/STM32F1xx_HAL_Driver/Inc -I../Drivers/STM32F1xx_HAL_Driver/Inc/Legacy -I../Drivers/CMSIS/Device/ST/STM32F1xx/Include -I../Drivers/CMSIS/Include -O0 -ffunction-sections -fdata-sections -Wall -fstack-usage -fcyclomatic-complexity -MMD -MP -MF"Core/Src/main.d" -MT"Core/Src/main.o" --specs=nano.specs -mfloat-abi=soft -mthumb -o "Core/Src/main.o"
arm-none-eabi-gcc -o "bluePill_dual_PWM_IIR_bandpass.elf" @"objects.list"   -mcpu=cortex-m3 -T"C:\Users\leand\git\STM32_Experimental_Audio\PWM\workspace-stm32\bluePill_dual_PWM_IIR_bandpass\STM32F103C8TX_FLASH.ld" --specs=nosys.specs -Wl,-Map="bluePill_dual_PWM_IIR_bandpass.map" -Wl,--gc-sections -static --specs=nano.specs -mfloat-abi=soft -mthumb -Wl,--start-group -lc -lm -Wl,--end-group
Finished building target: bluePill_dual_PWM_IIR_bandpass.elf
 
arm-none-eabi-size  bluePill_dual_PWM_IIR_bandpass.elf 
arm-none-eabi-objdump -h -S bluePill_dual_PWM_IIR_bandpass.elf  > "bluePill_dual_PWM_IIR_bandpass.list"
   text	   data	    bss	    dec	    hex	filename
  14128	     20	   3060	  17208	   4338	bluePill_dual_PWM_IIR_bandpass.elf
Finished building: default.size.stdout
 
Finished building: bluePill_dual_PWM_IIR_bandpass.list
 
19:21:27 **** Incremental Build of configuration Debug for project bluePill_dual_PWM_IIR_bandpass ****
make -j20 all 
arm-none-eabi-gcc "../Core/Src/main.c" -mcpu=cortex-m3 -std=gnu11 -g3 -DDEBUG -DUSE_HAL_DRIVER -DSTM32F103xB -c -I../Core/Inc -I"C:/Users/leand/git/STM32_Experimental_Audio/PWM/workspace-stm32/bluePill_dual_PWM_IIR_bandpass/Drivers/CMSIS_DSP/Include" -I../Drivers/STM32F1xx_HAL_Driver/Inc -I../Drivers/STM32F1xx_HAL_Driver/Inc/Legacy -I../Drivers/CMSIS/Device/ST/STM32F1xx/Include -I../Drivers/CMSIS/Include -O0 -ffunction-sections -fdata-sections -Wall -fstack-usage -fcyclomatic-complexity -MMD -MP -MF"Core/Src/main.d" -MT"Core/Src/main.o" --specs=nano.specs -mfloat-abi=soft -mthumb -o "Core/Src/main.o"
arm-none-eabi-gcc -o "bluePill_dual_PWM_IIR_bandpass.elf" @"objects.list"   -mcpu=cortex-m3 -T"C:\Users\leand\git\STM32_Experimental_Audio\PWM\workspace-stm32\bluePill_dual_PWM_IIR_bandpass\STM32F103C8TX_FLASH.ld" --specs=nosys.specs -Wl,-Map="bluePill_dual_PWM_IIR_bandpass.map" -Wl,--gc-sections -static --specs=nano.specs -mfloat-abi=soft -mthumb -Wl,--start-group -lc -lm -Wl,--end-group
Finished building target: bluePill_dual_PWM_IIR_bandpass.elf
 
arm-none-eabi-size  bluePill_dual_PWM_IIR_bandpass.elf 
arm-none-eabi-objdump -h -S bluePill_dual_PWM_IIR_bandpass.elf  > "bluePill_dual_PWM_IIR_bandpass.list"
   text	   data	    bss	    dec	    hex	filename
  14128	     52	   3028	  17208	   4338	bluePill_dual_PWM_IIR_bandpass.elf
Finished building: default.size.stdout
 
Finished building: bluePill_dual_PWM_IIR_bandpass.list
 
19:23:30 **** Incremental Build of configuration Debug for project bluePill_dual_PWM_IIR_bandpass ****
make -j20 all 
arm-none-eabi-gcc "../Core/Src/main.c" -mcpu=cortex-m3 -std=gnu11 -g3 -DDEBUG -DUSE_HAL_DRIVER -DSTM32F103xB -c -I../Core/Inc -I"C:/Users/leand/git/STM32_Experimental_Audio/PWM/workspace-stm32/bluePill_dual_PWM_IIR_bandpass/Drivers/CMSIS_DSP/Include" -I../Drivers/STM32F1xx_HAL_Driver/Inc -I../Drivers/STM32F1xx_HAL_Driver/Inc/Legacy -I../Drivers/CMSIS/Device/ST/STM32F1xx/Include -I../Drivers/CMSIS/Include -O0 -ffunction-sections -fdata-sections -Wall -fstack-usage -fcyclomatic-complexity -MMD -MP -MF"Core/Src/main.d" -MT"Core/Src/main.o" --specs=nano.specs -mfloat-abi=soft -mthumb -o "Core/Src/main.o"
../Core/Src/main.c:94:17: warning: excess elements in array initializer
   94 |                 2633,
      |                 ^~~~
../Core/Src/main.c:94:17: note: (near initialization for 'filter1_coeffs')
../Core/Src/main.c:95:17: warning: excess elements in array initializer
   95 |                 2150,
      |                 ^~~~
../Core/Src/main.c:95:17: note: (near initialization for 'filter1_coeffs')
../Core/Src/main.c:96:17: warning: excess elements in array initializer
   96 |                 1593,
      |                 ^~~~
../Core/Src/main.c:96:17: note: (near initialization for 'filter1_coeffs')
../Core/Src/main.c:97:17: warning: excess elements in array initializer
   97 |                 998,
      |                 ^~~
../Core/Src/main.c:97:17: note: (near initialization for 'filter1_coeffs')
../Core/Src/main.c:98:17: warning: excess elements in array initializer
   98 |                 421,
      |                 ^~~
../Core/Src/main.c:98:17: note: (near initialization for 'filter1_coeffs')
../Core/Src/main.c:99:17: warning: excess elements in array initializer
   99 |                 -93
      |                 ^
../Core/Src/main.c:99:17: note: (near initialization for 'filter1_coeffs')
arm-none-eabi-gcc -o "bluePill_dual_PWM_IIR_bandpass.elf" @"objects.list"   -mcpu=cortex-m3 -T"C:\Users\leand\git\STM32_Experimental_Audio\PWM\workspace-stm32\bluePill_dual_PWM_IIR_bandpass\STM32F103C8TX_FLASH.ld" --specs=nosys.specs -Wl,-Map="bluePill_dual_PWM_IIR_bandpass.map" -Wl,--gc-sections -static --specs=nano.specs -mfloat-abi=soft -mthumb -Wl,--start-group -lc -lm -Wl,--end-group
Finished building target: bluePill_dual_PWM_IIR_bandpass.elf
 
arm-none-eabi-size  bluePill_dual_PWM_IIR_bandpass.elf 
arm-none-eabi-objdump -h -S bluePill_dual_PWM_IIR_bandpass.elf  > "bluePill_dual_PWM_IIR_bandpass.list"
   text	   data	    bss	    dec	    hex	filename
  14128	     84	   3060	  17272	   4378	bluePill_dual_PWM_IIR_bandpass.elf
Finished building: default.size.stdout
 
Finished building: bluePill_dual_PWM_IIR_bandpass.list
 
19:24:25 **** Incremental Build of configuration Debug for project bluePill_dual_PWM_IIR_bandpass ****
make -j20 all 
arm-none-eabi-gcc "../Core/Src/main.c" -mcpu=cortex-m3 -std=gnu11 -g3 -DDEBUG -DUSE_HAL_DRIVER -DSTM32F103xB -c -I../Core/Inc -I"C:/Users/leand/git/STM32_Experimental_Audio/PWM/workspace-stm32/bluePill_dual_PWM_IIR_bandpass/Drivers/CMSIS_DSP/Include" -I../Drivers/STM32F1xx_HAL_Driver/Inc -I../Drivers/STM32F1xx_HAL_Driver/Inc/Legacy -I../Drivers/CMSIS/Device/ST/STM32F1xx/Include -I../Drivers/CMSIS/Include -O0 -ffunction-sections -fdata-sections -Wall -fstack-usage -fcyclomatic-complexity -MMD -MP -MF"Core/Src/main.d" -MT"Core/Src/main.o" --specs=nano.specs -mfloat-abi=soft -mthumb -o "Core/Src/main.o"
../Core/Src/main.c:94:17: warning: excess elements in array initializer
   94 |                 2633,
      |                 ^~~~
../Core/Src/main.c:94:17: note: (near initialization for 'filter1_coeffs')
../Core/Src/main.c:95:17: warning: excess elements in array initializer
   95 |                 2150,
      |                 ^~~~
../Core/Src/main.c:95:17: note: (near initialization for 'filter1_coeffs')
../Core/Src/main.c:96:17: warning: excess elements in array initializer
   96 |                 1593,
      |                 ^~~~
../Core/Src/main.c:96:17: note: (near initialization for 'filter1_coeffs')
../Core/Src/main.c:97:17: warning: excess elements in array initializer
   97 |                 998,
      |                 ^~~
../Core/Src/main.c:97:17: note: (near initialization for 'filter1_coeffs')
../Core/Src/main.c:98:17: warning: excess elements in array initializer
   98 |                 421,
      |                 ^~~
../Core/Src/main.c:98:17: note: (near initialization for 'filter1_coeffs')
../Core/Src/main.c:99:17: warning: excess elements in array initializer
   99 |                 -93
      |                 ^
../Core/Src/main.c:99:17: note: (near initialization for 'filter1_coeffs')
arm-none-eabi-gcc -o "bluePill_dual_PWM_IIR_bandpass.elf" @"objects.list"   -mcpu=cortex-m3 -T"C:\Users\leand\git\STM32_Experimental_Audio\PWM\workspace-stm32\bluePill_dual_PWM_IIR_bandpass\STM32F103C8TX_FLASH.ld" --specs=nosys.specs -Wl,-Map="bluePill_dual_PWM_IIR_bandpass.map" -Wl,--gc-sections -static --specs=nano.specs -mfloat-abi=soft -mthumb -Wl,--start-group -lc -lm -Wl,--end-group
Finished building target: bluePill_dual_PWM_IIR_bandpass.elf
 
arm-none-eabi-size  bluePill_dual_PWM_IIR_bandpass.elf 
arm-none-eabi-objdump -h -S bluePill_dual_PWM_IIR_bandpass.elf  > "bluePill_dual_PWM_IIR_bandpass.list"
   text	   data	    bss	    dec	    hex	filename
  14128	     84	   4212	  18424	   47f8	bluePill_dual_PWM_IIR_bandpass.elf
Finished building: default.size.stdout
 
Finished building: bluePill_dual_PWM_IIR_bandpass.list
 
19:25:26 **** Incremental Build of configuration Debug for project bluePill_dual_PWM_IIR_bandpass ****
make -j20 all 
arm-none-eabi-gcc "../Core/Src/main.c" -mcpu=cortex-m3 -std=gnu11 -g3 -DDEBUG -DUSE_HAL_DRIVER -DSTM32F103xB -c -I../Core/Inc -I"C:/Users/leand/git/STM32_Experimental_Audio/PWM/workspace-stm32/bluePill_dual_PWM_IIR_bandpass/Drivers/CMSIS_DSP/Include" -I../Drivers/STM32F1xx_HAL_Driver/Inc -I../Drivers/STM32F1xx_HAL_Driver/Inc/Legacy -I../Drivers/CMSIS/Device/ST/STM32F1xx/Include -I../Drivers/CMSIS/Include -O0 -ffunction-sections -fdata-sections -Wall -fstack-usage -fcyclomatic-complexity -MMD -MP -MF"Core/Src/main.d" -MT"Core/Src/main.o" --specs=nano.specs -mfloat-abi=soft -mthumb -o "Core/Src/main.o"
../Core/Src/main.c:59:1: error: unknown type name 'arm_fir_instance_fast_q15'; did you mean 'arm_fir_instance_q15'?
   59 | arm_fir_instance_fast_q15 filter1;
      | ^~~~~~~~~~~~~~~~~~~~~~~~~
      | arm_fir_instance_q15
../Core/Src/main.c:94:17: warning: excess elements in array initializer
   94 |                 2633,
      |                 ^~~~
../Core/Src/main.c:94:17: note: (near initialization for 'filter1_coeffs')
../Core/Src/main.c:95:17: warning: excess elements in array initializer
   95 |                 2150,
      |                 ^~~~
../Core/Src/main.c:95:17: note: (near initialization for 'filter1_coeffs')
../Core/Src/main.c:96:17: warning: excess elements in array initializer
   96 |                 1593,
      |                 ^~~~
../Core/Src/main.c:96:17: note: (near initialization for 'filter1_coeffs')
../Core/Src/main.c:97:17: warning: excess elements in array initializer
   97 |                 998,
      |                 ^~~
../Core/Src/main.c:97:17: note: (near initialization for 'filter1_coeffs')
../Core/Src/main.c:98:17: warning: excess elements in array initializer
   98 |                 421,
      |                 ^~~
../Core/Src/main.c:98:17: note: (near initialization for 'filter1_coeffs')
../Core/Src/main.c:99:17: warning: excess elements in array initializer
   99 |                 -93
      |                 ^
../Core/Src/main.c:99:17: note: (near initialization for 'filter1_coeffs')
../Core/Src/main.c: In function 'main':
../Core/Src/main.c:143:9: warning: implicit declaration of function 'arm_fir_init_fast_q15'; did you mean 'arm_fir_init_q15'? [-Wimplicit-function-declaration]
  143 |         arm_fir_init_fast_q15(&filter1, NUM_TAPS, &filter1_coeffs[0], &filter1_state[0], BUFFER_SIZE / 2);
      |         ^~~~~~~~~~~~~~~~~~~~~
      |         arm_fir_init_q15
../Core/Src/main.c:200:42: warning: passing argument 1 of 'arm_fir_fast_q15' from incompatible pointer type [-Wincompatible-pointer-types]
  200 |                         arm_fir_fast_q15(&filter1, filter1_in_ptr, filter1_out_ptr, BUFFER_SIZE / 2);
      |                                          ^~~~~~~~
      |                                          |
      |                                          int *
In file included from ../Core/Src/main.c:25:
C:/Users/leand/git/STM32_Experimental_Audio/PWM/workspace-stm32/bluePill_dual_PWM_IIR_bandpass/Drivers/CMSIS_DSP/Include/arm_math.h:1102:32: note: expected 'const arm_fir_instance_q15 *' but argument is of type 'int *'
 1102 |   const arm_fir_instance_q15 * S,
      |   ~~~~~~~~~~~~~~~~~~~~~~~~~~~~~^
../Core/Src/main.c:219:42: warning: passing argument 1 of 'arm_fir_fast_q15' from incompatible pointer type [-Wincompatible-pointer-types]
  219 |                         arm_fir_fast_q15(&filter1, filter1_in_ptr + (BUFFER_SIZE / 2), filter1_out_ptr + (BUFFER_SIZE / 2), BUFFER_SIZE / 2);
      |                                          ^~~~~~~~
      |                                          |
      |                                          int *
C:/Users/leand/git/STM32_Experimental_Audio/PWM/workspace-stm32/bluePill_dual_PWM_IIR_bandpass/Drivers/CMSIS_DSP/Include/arm_math.h:1102:32: note: expected 'const arm_fir_instance_q15 *' but argument is of type 'int *'
 1102 |   const arm_fir_instance_q15 * S,
      |   ~~~~~~~~~~~~~~~~~~~~~~~~~~~~~^
make: *** [Core/Src/subdir.mk:34: Core/Src/main.o] Error 1
"make -j20 all" terminated with exit code 2. Build might be incomplete.
19:26:45 **** Incremental Build of configuration Debug for project bluePill_dual_PWM_IIR_bandpass ****
make -j20 all 
arm-none-eabi-gcc "../Core/Src/main.c" -mcpu=cortex-m3 -std=gnu11 -g3 -DDEBUG -DUSE_HAL_DRIVER -DSTM32F103xB -c -I../Core/Inc -I"C:/Users/leand/git/STM32_Experimental_Audio/PWM/workspace-stm32/bluePill_dual_PWM_IIR_bandpass/Drivers/CMSIS_DSP/Include" -I../Drivers/STM32F1xx_HAL_Driver/Inc -I../Drivers/STM32F1xx_HAL_Driver/Inc/Legacy -I../Drivers/CMSIS/Device/ST/STM32F1xx/Include -I../Drivers/CMSIS/Include -O0 -ffunction-sections -fdata-sections -Wall -fstack-usage -fcyclomatic-complexity -MMD -MP -MF"Core/Src/main.d" -MT"Core/Src/main.o" --specs=nano.specs -mfloat-abi=soft -mthumb -o "Core/Src/main.o"
../Core/Src/main.c:94:17: warning: excess elements in array initializer
   94 |                 2633,
      |                 ^~~~
../Core/Src/main.c:94:17: note: (near initialization for 'filter1_coeffs')
../Core/Src/main.c:95:17: warning: excess elements in array initializer
   95 |                 2150,
      |                 ^~~~
../Core/Src/main.c:95:17: note: (near initialization for 'filter1_coeffs')
../Core/Src/main.c:96:17: warning: excess elements in array initializer
   96 |                 1593,
      |                 ^~~~
../Core/Src/main.c:96:17: note: (near initialization for 'filter1_coeffs')
../Core/Src/main.c:97:17: warning: excess elements in array initializer
   97 |                 998,
      |                 ^~~
../Core/Src/main.c:97:17: note: (near initialization for 'filter1_coeffs')
../Core/Src/main.c:98:17: warning: excess elements in array initializer
   98 |                 421,
      |                 ^~~
../Core/Src/main.c:98:17: note: (near initialization for 'filter1_coeffs')
../Core/Src/main.c:99:17: warning: excess elements in array initializer
   99 |                 -93
      |                 ^
../Core/Src/main.c:99:17: note: (near initialization for 'filter1_coeffs')
arm-none-eabi-gcc -o "bluePill_dual_PWM_IIR_bandpass.elf" @"objects.list"   -mcpu=cortex-m3 -T"C:\Users\leand\git\STM32_Experimental_Audio\PWM\workspace-stm32\bluePill_dual_PWM_IIR_bandpass\STM32F103C8TX_FLASH.ld" --specs=nosys.specs -Wl,-Map="bluePill_dual_PWM_IIR_bandpass.map" -Wl,--gc-sections -static --specs=nano.specs -mfloat-abi=soft -mthumb -Wl,--start-group -lc -lm -Wl,--end-group
Finished building target: bluePill_dual_PWM_IIR_bandpass.elf
 
arm-none-eabi-size  bluePill_dual_PWM_IIR_bandpass.elf 
arm-none-eabi-objdump -h -S bluePill_dual_PWM_IIR_bandpass.elf  > "bluePill_dual_PWM_IIR_bandpass.list"
   text	   data	    bss	    dec	    hex	filename
  15772	     84	   4212	  20068	   4e64	bluePill_dual_PWM_IIR_bandpass.elf
Finished building: default.size.stdout
 
Finished building: bluePill_dual_PWM_IIR_bandpass.list
 
19:28:17 **** Incremental Build of configuration Debug for project bluePill_dual_PWM_IIR_bandpass ****
make -j20 all 
arm-none-eabi-size  bluePill_dual_PWM_IIR_bandpass.elf 
   text	   data	    bss	    dec	    hex	filename
  15772	     84	   4212	  20068	   4e64	bluePill_dual_PWM_IIR_bandpass.elf
Finished building: default.size.stdout
 
19:28:29 **** Clean-only build of configuration Debug for project bluePill_dual_PWM_IIR_bandpass ****
make -j20 clean 
rm -rf ./Drivers/STM32F1xx_HAL_Driver/Src/stm32f1xx_hal.cyclo ./Drivers/STM32F1xx_HAL_Driver/Src/stm32f1xx_hal.d ./Drivers/STM32F1xx_HAL_Driver/Src/stm32f1xx_hal.o ./Drivers/STM32F1xx_HAL_Driver/Src/stm32f1xx_hal.su ./Drivers/STM32F1xx_HAL_Driver/Src/stm32f1xx_hal_adc.cyclo ./Drivers/STM32F1xx_HAL_Driver/Src/stm32f1xx_hal_adc.d ./Drivers/STM32F1xx_HAL_Driver/Src/stm32f1xx_hal_adc.o ./Drivers/STM32F1xx_HAL_Driver/Src/stm32f1xx_hal_adc.su ./Drivers/STM32F1xx_HAL_Driver/Src/stm32f1xx_hal_adc_ex.cyclo ./Drivers/STM32F1xx_HAL_Driver/Src/stm32f1xx_hal_adc_ex.d ./Drivers/STM32F1xx_HAL_Driver/Src/stm32f1xx_hal_adc_ex.o ./Drivers/STM32F1xx_HAL_Driver/Src/stm32f1xx_hal_adc_ex.su ./Drivers/STM32F1xx_HAL_Driver/Src/stm32f1xx_hal_cortex.cyclo ./Drivers/STM32F1xx_HAL_Driver/Src/stm32f1xx_hal_cortex.d ./Drivers/STM32F1xx_HAL_Driver/Src/stm32f1xx_hal_cortex.o ./Drivers/STM32F1xx_HAL_Driver/Src/stm32f1xx_hal_cortex.su ./Drivers/STM32F1xx_HAL_Driver/Src/stm32f1xx_hal_dma.cyclo ./Drivers/STM32F1xx_HAL_Driver/Src/stm32f1xx_hal_dma.d ./Drivers/STM32F1xx_HAL_Driver/Src/stm32f1xx_hal_dma.o ./Drivers/STM32F1xx_HAL_Driver/Src/stm32f1xx_hal_dma.su ./Drivers/STM32F1xx_HAL_Driver/Src/stm32f1xx_hal_exti.cyclo ./Drivers/STM32F1xx_HAL_Driver/Src/stm32f1xx_hal_exti.d ./Drivers/STM32F1xx_HAL_Driver/Src/stm32f1xx_hal_exti.o ./Drivers/STM32F1xx_HAL_Driver/Src/stm32f1xx_hal_exti.su ./Drivers/STM32F1xx_HAL_Driver/Src/stm32f1xx_hal_flash.cyclo ./Drivers/STM32F1xx_HAL_Driver/Src/stm32f1xx_hal_flash.d ./Drivers/STM32F1xx_HAL_Driver/Src/stm32f1xx_hal_flash.o ./Drivers/STM32F1xx_HAL_Driver/Src/stm32f1xx_hal_flash.su ./Drivers/STM32F1xx_HAL_Driver/Src/stm32f1xx_hal_flash_ex.cyclo ./Drivers/STM32F1xx_HAL_Driver/Src/stm32f1xx_hal_flash_ex.d ./Drivers/STM32F1xx_HAL_Driver/Src/stm32f1xx_hal_flash_ex.o ./Drivers/STM32F1xx_HAL_Driver/Src/stm32f1xx_hal_flash_ex.su ./Drivers/STM32F1xx_HAL_Driver/Src/stm32f1xx_hal_gpio.cyclo ./Drivers/STM32F1xx_HAL_Driver/Src/stm32f1xx_hal_gpio.d ./Drivers/STM32F1xx_HAL_Driver/Src/stm32f1xx_hal_gpio.o ./Drivers/STM32F1xx_HAL_Driver/Src/stm32f1xx_hal_gpio.su ./Drivers/STM32F1xx_HAL_Driver/Src/stm32f1xx_hal_gpio_ex.cyclo ./Drivers/STM32F1xx_HAL_Driver/Src/stm32f1xx_hal_gpio_ex.d ./Drivers/STM32F1xx_HAL_Driver/Src/stm32f1xx_hal_gpio_ex.o ./Drivers/STM32F1xx_HAL_Driver/Src/stm32f1xx_hal_gpio_ex.su ./Drivers/STM32F1xx_HAL_Driver/Src/stm32f1xx_hal_pwr.cyclo ./Drivers/STM32F1xx_HAL_Driver/Src/stm32f1xx_hal_pwr.d ./Drivers/STM32F1xx_HAL_Driver/Src/stm32f1xx_hal_pwr.o ./Drivers/STM32F1xx_HAL_Driver/Src/stm32f1xx_hal_pwr.su ./Drivers/STM32F1xx_HAL_Driver/Src/stm32f1xx_hal_rcc.cyclo ./Drivers/STM32F1xx_HAL_Driver/Src/stm32f1xx_hal_rcc.d ./Drivers/STM32F1xx_HAL_Driver/Src/stm32f1xx_hal_rcc.o ./Drivers/STM32F1xx_HAL_Driver/Src/stm32f1xx_hal_rcc.su ./Drivers/STM32F1xx_HAL_Driver/Src/stm32f1xx_hal_rcc_ex.cyclo ./Drivers/STM32F1xx_HAL_Driver/Src/stm32f1xx_hal_rcc_ex.d ./Drivers/STM32F1xx_HAL_Driver/Src/stm32f1xx_hal_rcc_ex.o ./Drivers/STM32F1xx_HAL_Driver/Src/stm32f1xx_hal_rcc_ex.su ./Drivers/STM32F1xx_HAL_Driver/Src/stm32f1xx_hal_tim.cyclo ./Drivers/STM32F1xx_HAL_Driver/Src/stm32f1xx_hal_tim.d ./Drivers/STM32F1xx_HAL_Driver/Src/stm32f1xx_hal_tim.o ./Drivers/STM32F1xx_HAL_Driver/Src/stm32f1xx_hal_tim.su ./Drivers/STM32F1xx_HAL_Driver/Src/stm32f1xx_hal_tim_ex.cyclo ./Drivers/STM32F1xx_HAL_Driver/Src/stm32f1xx_hal_tim_ex.d ./Drivers/STM32F1xx_HAL_Driver/Src/stm32f1xx_hal_tim_ex.o ./Drivers/STM32F1xx_HAL_Driver/Src/stm32f1xx_hal_tim_ex.su
rm -rf ./Drivers/CMSIS_DSP/Source/TransformFunctions/arm_bitreversal.cyclo ./Drivers/CMSIS_DSP/Source/TransformFunctions/arm_bitreversal.d ./Drivers/CMSIS_DSP/Source/TransformFunctions/arm_bitreversal.o ./Drivers/CMSIS_DSP/Source/TransformFunctions/arm_bitreversal.su ./Drivers/CMSIS_DSP/Source/TransformFunctions/arm_bitreversal2.d ./Drivers/CMSIS_DSP/Source/TransformFunctions/arm_bitreversal2.o ./Drivers/CMSIS_DSP/Source/TransformFunctions/arm_cfft_f32.cyclo ./Drivers/CMSIS_DSP/Source/TransformFunctions/arm_cfft_f32.d ./Drivers/CMSIS_DSP/Source/TransformFunctions/arm_cfft_f32.o ./Drivers/CMSIS_DSP/Source/TransformFunctions/arm_cfft_f32.su ./Drivers/CMSIS_DSP/Source/TransformFunctions/arm_cfft_q15.cyclo ./Drivers/CMSIS_DSP/Source/TransformFunctions/arm_cfft_q15.d ./Drivers/CMSIS_DSP/Source/TransformFunctions/arm_cfft_q15.o ./Drivers/CMSIS_DSP/Source/TransformFunctions/arm_cfft_q15.su ./Drivers/CMSIS_DSP/Source/TransformFunctions/arm_cfft_q31.cyclo ./Drivers/CMSIS_DSP/Source/TransformFunctions/arm_cfft_q31.d ./Drivers/CMSIS_DSP/Source/TransformFunctions/arm_cfft_q31.o ./Drivers/CMSIS_DSP/Source/TransformFunctions/arm_cfft_q31.su ./Drivers/CMSIS_DSP/Source/TransformFunctions/arm_cfft_radix2_f32.cyclo ./Drivers/CMSIS_DSP/Source/TransformFunctions/arm_cfft_radix2_f32.d ./Drivers/CMSIS_DSP/Source/TransformFunctions/arm_cfft_radix2_f32.o ./Drivers/CMSIS_DSP/Source/TransformFunctions/arm_cfft_radix2_f32.su ./Drivers/CMSIS_DSP/Source/TransformFunctions/arm_cfft_radix2_init_f32.cyclo ./Drivers/CMSIS_DSP/Source/TransformFunctions/arm_cfft_radix2_init_f32.d ./Drivers/CMSIS_DSP/Source/TransformFunctions/arm_cfft_radix2_init_f32.o ./Drivers/CMSIS_DSP/Source/TransformFunctions/arm_cfft_radix2_init_f32.su ./Drivers/CMSIS_DSP/Source/TransformFunctions/arm_cfft_radix2_init_q15.cyclo ./Drivers/CMSIS_DSP/Source/TransformFunctions/arm_cfft_radix2_init_q15.d ./Drivers/CMSIS_DSP/Source/TransformFunctions/arm_cfft_radix2_init_q15.o ./Drivers/CMSIS_DSP/Source/TransformFunctions/arm_cfft_radix2_init_q15.su ./Drivers/CMSIS_DSP/Source/TransformFunctions/arm_cfft_radix2_init_q31.cyclo ./Drivers/CMSIS_DSP/Source/TransformFunctions/arm_cfft_radix2_init_q31.d ./Drivers/CMSIS_DSP/Source/TransformFunctions/arm_cfft_radix2_init_q31.o ./Drivers/CMSIS_DSP/Source/TransformFunctions/arm_cfft_radix2_init_q31.su ./Drivers/CMSIS_DSP/Source/TransformFunctions/arm_cfft_radix2_q15.cyclo ./Drivers/CMSIS_DSP/Source/TransformFunctions/arm_cfft_radix2_q15.d ./Drivers/CMSIS_DSP/Source/TransformFunctions/arm_cfft_radix2_q15.o ./Drivers/CMSIS_DSP/Source/TransformFunctions/arm_cfft_radix2_q15.su ./Drivers/CMSIS_DSP/Source/TransformFunctions/arm_cfft_radix2_q31.cyclo ./Drivers/CMSIS_DSP/Source/TransformFunctions/arm_cfft_radix2_q31.d ./Drivers/CMSIS_DSP/Source/TransformFunctions/arm_cfft_radix2_q31.o ./Drivers/CMSIS_DSP/Source/TransformFunctions/arm_cfft_radix2_q31.su ./Drivers/CMSIS_DSP/Source/TransformFunctions/arm_cfft_radix4_f32.cyclo ./Drivers/CMSIS_DSP/Source/TransformFunctions/arm_cfft_radix4_f32.d ./Drivers/CMSIS_DSP/Source/TransformFunctions/arm_cfft_radix4_f32.o ./Drivers/CMSIS_DSP/Source/TransformFunctions/arm_cfft_radix4_f32.su ./Drivers/CMSIS_DSP/Source/TransformFunctions/arm_cfft_radix4_init_f32.cyclo ./Drivers/CMSIS_DSP/Source/TransformFunctions/arm_cfft_radix4_init_f32.d ./Drivers/CMSIS_DSP/Source/TransformFunctions/arm_cfft_radix4_init_f32.o ./Drivers/CMSIS_DSP/Source/TransformFunctions/arm_cfft_radix4_init_f32.su ./Drivers/CMSIS_DSP/Source/TransformFunctions/arm_cfft_radix4_init_q15.cyclo ./Drivers/CMSIS_DSP/Source/TransformFunctions/arm_cfft_radix4_init_q15.d ./Drivers/CMSIS_DSP/Source/TransformFunctions/arm_cfft_radix4_init_q15.o ./Drivers/CMSIS_DSP/Source/TransformFunctions/arm_cfft_radix4_init_q15.su ./Drivers/CMSIS_DSP/Source/TransformFunctions/arm_cfft_radix4_init_q31.cyclo ./Drivers/CMSIS_DSP/Source/TransformFunctions/arm_cfft_radix4_init_q31.d ./Drivers/CMSIS_DSP/Source/TransformFunctions/arm_cfft_radix4_init_q31.o ./Drivers/CMSIS_DSP/Source/TransformFunctions/arm_cfft_radix4_init_q31.su ./Drivers/CMSIS_DSP/Source/TransformFunctions/arm_cfft_radix4_q15.cyclo ./Drivers/CMSIS_DSP/Source/TransformFunctions/arm_cfft_radix4_q15.d ./Drivers/CMSIS_DSP/Source/TransformFunctions/arm_cfft_radix4_q15.o ./Drivers/CMSIS_DSP/Source/TransformFunctions/arm_cfft_radix4_q15.su ./Drivers/CMSIS_DSP/Source/TransformFunctions/arm_cfft_radix4_q31.cyclo ./Drivers/CMSIS_DSP/Source/TransformFunctions/arm_cfft_radix4_q31.d ./Drivers/CMSIS_DSP/Source/TransformFunctions/arm_cfft_radix4_q31.o ./Drivers/CMSIS_DSP/Source/TransformFunctions/arm_cfft_radix4_q31.su ./Drivers/CMSIS_DSP/Source/TransformFunctions/arm_cfft_radix8_f32.cyclo ./Drivers/CMSIS_DSP/Source/TransformFunctions/arm_cfft_radix8_f32.d ./Drivers/CMSIS_DSP/Source/TransformFunctions/arm_cfft_radix8_f32.o ./Drivers/CMSIS_DSP/Source/TransformFunctions/arm_cfft_radix8_f32.su ./Drivers/CMSIS_DSP/Source/TransformFunctions/arm_dct4_f32.cyclo ./Drivers/CMSIS_DSP/Source/TransformFunctions/arm_dct4_f32.d ./Drivers/CMSIS_DSP/Source/TransformFunctions/arm_dct4_f32.o ./Drivers/CMSIS_DSP/Source/TransformFunctions/arm_dct4_f32.su ./Drivers/CMSIS_DSP/Source/TransformFunctions/arm_dct4_init_f32.cyclo ./Drivers/CMSIS_DSP/Source/TransformFunctions/arm_dct4_init_f32.d ./Drivers/CMSIS_DSP/Source/TransformFunctions/arm_dct4_init_f32.o ./Drivers/CMSIS_DSP/Source/TransformFunctions/arm_dct4_init_f32.su ./Drivers/CMSIS_DSP/Source/TransformFunctions/arm_dct4_init_q15.cyclo ./Drivers/CMSIS_DSP/Source/TransformFunctions/arm_dct4_init_q15.d ./Drivers/CMSIS_DSP/Source/TransformFunctions/arm_dct4_init_q15.o ./Drivers/CMSIS_DSP/Source/TransformFunctions/arm_dct4_init_q15.su ./Drivers/CMSIS_DSP/Source/TransformFunctions/arm_dct4_init_q31.cyclo ./Drivers/CMSIS_DSP/Source/TransformFunctions/arm_dct4_init_q31.d ./Drivers/CMSIS_DSP/Source/TransformFunctions/arm_dct4_init_q31.o ./Drivers/CMSIS_DSP/Source/TransformFunctions/arm_dct4_init_q31.su ./Drivers/CMSIS_DSP/Source/TransformFunctions/arm_dct4_q15.cyclo
rm -rf ./Drivers/CMSIS_DSP/Source/SupportFunctions/arm_copy_f32.cyclo ./Drivers/CMSIS_DSP/Source/SupportFunctions/arm_copy_f32.d ./Drivers/CMSIS_DSP/Source/SupportFunctions/arm_copy_f32.o ./Drivers/CMSIS_DSP/Source/SupportFunctions/arm_copy_f32.su ./Drivers/CMSIS_DSP/Source/SupportFunctions/arm_copy_q15.cyclo ./Drivers/CMSIS_DSP/Source/SupportFunctions/arm_copy_q15.d ./Drivers/CMSIS_DSP/Source/SupportFunctions/arm_copy_q15.o ./Drivers/CMSIS_DSP/Source/SupportFunctions/arm_copy_q15.su ./Drivers/CMSIS_DSP/Source/SupportFunctions/arm_copy_q31.cyclo ./Drivers/CMSIS_DSP/Source/SupportFunctions/arm_copy_q31.d ./Drivers/CMSIS_DSP/Source/SupportFunctions/arm_copy_q31.o ./Drivers/CMSIS_DSP/Source/SupportFunctions/arm_copy_q31.su ./Drivers/CMSIS_DSP/Source/SupportFunctions/arm_copy_q7.cyclo ./Drivers/CMSIS_DSP/Source/SupportFunctions/arm_copy_q7.d ./Drivers/CMSIS_DSP/Source/SupportFunctions/arm_copy_q7.o ./Drivers/CMSIS_DSP/Source/SupportFunctions/arm_copy_q7.su ./Drivers/CMSIS_DSP/Source/SupportFunctions/arm_fill_f32.cyclo ./Drivers/CMSIS_DSP/Source/SupportFunctions/arm_fill_f32.d ./Drivers/CMSIS_DSP/Source/SupportFunctions/arm_fill_f32.o ./Drivers/CMSIS_DSP/Source/SupportFunctions/arm_fill_f32.su ./Drivers/CMSIS_DSP/Source/SupportFunctions/arm_fill_q15.cyclo ./Drivers/CMSIS_DSP/Source/SupportFunctions/arm_fill_q15.d ./Drivers/CMSIS_DSP/Source/SupportFunctions/arm_fill_q15.o ./Drivers/CMSIS_DSP/Source/SupportFunctions/arm_fill_q15.su ./Drivers/CMSIS_DSP/Source/SupportFunctions/arm_fill_q31.cyclo ./Drivers/CMSIS_DSP/Source/SupportFunctions/arm_fill_q31.d ./Drivers/CMSIS_DSP/Source/SupportFunctions/arm_fill_q31.o ./Drivers/CMSIS_DSP/Source/SupportFunctions/arm_fill_q31.su ./Drivers/CMSIS_DSP/Source/SupportFunctions/arm_fill_q7.cyclo ./Drivers/CMSIS_DSP/Source/SupportFunctions/arm_fill_q7.d ./Drivers/CMSIS_DSP/Source/SupportFunctions/arm_fill_q7.o ./Drivers/CMSIS_DSP/Source/SupportFunctions/arm_fill_q7.su ./Drivers/CMSIS_DSP/Source/SupportFunctions/arm_float_to_q15.cyclo ./Drivers/CMSIS_DSP/Source/SupportFunctions/arm_float_to_q15.d ./Drivers/CMSIS_DSP/Source/SupportFunctions/arm_float_to_q15.o ./Drivers/CMSIS_DSP/Source/SupportFunctions/arm_float_to_q15.su ./Drivers/CMSIS_DSP/Source/SupportFunctions/arm_float_to_q31.cyclo ./Drivers/CMSIS_DSP/Source/SupportFunctions/arm_float_to_q31.d ./Drivers/CMSIS_DSP/Source/SupportFunctions/arm_float_to_q31.o ./Drivers/CMSIS_DSP/Source/SupportFunctions/arm_float_to_q31.su ./Drivers/CMSIS_DSP/Source/SupportFunctions/arm_float_to_q7.cyclo ./Drivers/CMSIS_DSP/Source/SupportFunctions/arm_float_to_q7.d ./Drivers/CMSIS_DSP/Source/SupportFunctions/arm_float_to_q7.o ./Drivers/CMSIS_DSP/Source/SupportFunctions/arm_float_to_q7.su ./Drivers/CMSIS_DSP/Source/SupportFunctions/arm_q15_to_float.cyclo ./Drivers/CMSIS_DSP/Source/SupportFunctions/arm_q15_to_float.d ./Drivers/CMSIS_DSP/Source/SupportFunctions/arm_q15_to_float.o ./Drivers/CMSIS_DSP/Source/SupportFunctions/arm_q15_to_float.su ./Drivers/CMSIS_DSP/Source/SupportFunctions/arm_q15_to_q31.cyclo ./Drivers/CMSIS_DSP/Source/SupportFunctions/arm_q15_to_q31.d ./Drivers/CMSIS_DSP/Source/SupportFunctions/arm_q15_to_q31.o ./Drivers/CMSIS_DSP/Source/SupportFunctions/arm_q15_to_q31.su ./Drivers/CMSIS_DSP/Source/SupportFunctions/arm_q15_to_q7.cyclo ./Drivers/CMSIS_DSP/Source/SupportFunctions/arm_q15_to_q7.d ./Drivers/CMSIS_DSP/Source/SupportFunctions/arm_q15_to_q7.o ./Drivers/CMSIS_DSP/Source/SupportFunctions/arm_q15_to_q7.su ./Drivers/CMSIS_DSP/Source/SupportFunctions/arm_q31_to_float.cyclo ./Drivers/CMSIS_DSP/Source/SupportFunctions/arm_q31_to_float.d ./Drivers/CMSIS_DSP/Source/SupportFunctions/arm_q31_to_float.o ./Drivers/CMSIS_DSP/Source/SupportFunctions/arm_q31_to_float.su ./Drivers/CMSIS_DSP/Source/SupportFunctions/arm_q31_to_q15.cyclo ./Drivers/CMSIS_DSP/Source/SupportFunctions/arm_q31_to_q15.d ./Drivers/CMSIS_DSP/Source/SupportFunctions/arm_q31_to_q15.o ./Drivers/CMSIS_DSP/Source/SupportFunctions/arm_q31_to_q15.su ./Drivers/CMSIS_DSP/Source/SupportFunctions/arm_q31_to_q7.cyclo ./Drivers/CMSIS_DSP/Source/SupportFunctions/arm_q31_to_q7.d ./Drivers/CMSIS_DSP/Source/SupportFunctions/arm_q31_to_q7.o ./Drivers/CMSIS_DSP/Source/SupportFunctions/arm_q31_to_q7.su ./Drivers/CMSIS_DSP/Source/SupportFunctions/arm_q7_to_float.cyclo ./Drivers/CMSIS_DSP/Source/SupportFunctions/arm_q7_to_float.d ./Drivers/CMSIS_DSP/Source/SupportFunctions/arm_q7_to_float.o ./Drivers/CMSIS_DSP/Source/SupportFunctions/arm_q7_to_float.su ./Drivers/CMSIS_DSP/Source/SupportFunctions/arm_q7_to_q15.cyclo ./Drivers/CMSIS_DSP/Source/SupportFunctions/arm_q7_to_q15.d ./Drivers/CMSIS_DSP/Source/SupportFunctions/arm_q7_to_q15.o ./Drivers/CMSIS_DSP/Source/SupportFunctions/arm_q7_to_q15.su ./Drivers/CMSIS_DSP/Source/SupportFunctions/arm_q7_to_q31.cyclo ./Drivers/CMSIS_DSP/Source/SupportFunctions/arm_q7_to_q31.d ./Drivers/CMSIS_DSP/Source/SupportFunctions/arm_q7_to_q31.o ./Drivers/CMSIS_DSP/Source/SupportFunctions/arm_q7_to_q31.su
rm -rf ./Drivers/CMSIS_DSP/Source/StatisticsFunctions/arm_max_f32.cyclo ./Drivers/CMSIS_DSP/Source/StatisticsFunctions/arm_max_f32.d ./Drivers/CMSIS_DSP/Source/StatisticsFunctions/arm_max_f32.o ./Drivers/CMSIS_DSP/Source/StatisticsFunctions/arm_max_f32.su ./Drivers/CMSIS_DSP/Source/StatisticsFunctions/arm_max_q15.cyclo ./Drivers/CMSIS_DSP/Source/StatisticsFunctions/arm_max_q15.d ./Drivers/CMSIS_DSP/Source/StatisticsFunctions/arm_max_q15.o ./Drivers/CMSIS_DSP/Source/StatisticsFunctions/arm_max_q15.su ./Drivers/CMSIS_DSP/Source/StatisticsFunctions/arm_max_q31.cyclo ./Drivers/CMSIS_DSP/Source/StatisticsFunctions/arm_max_q31.d ./Drivers/CMSIS_DSP/Source/StatisticsFunctions/arm_max_q31.o ./Drivers/CMSIS_DSP/Source/StatisticsFunctions/arm_max_q31.su ./Drivers/CMSIS_DSP/Source/StatisticsFunctions/arm_max_q7.cyclo ./Drivers/CMSIS_DSP/Source/StatisticsFunctions/arm_max_q7.d ./Drivers/CMSIS_DSP/Source/StatisticsFunctions/arm_max_q7.o ./Drivers/CMSIS_DSP/Source/StatisticsFunctions/arm_max_q7.su ./Drivers/CMSIS_DSP/Source/StatisticsFunctions/arm_mean_f32.cyclo ./Drivers/CMSIS_DSP/Source/StatisticsFunctions/arm_mean_f32.d ./Drivers/CMSIS_DSP/Source/StatisticsFunctions/arm_mean_f32.o ./Drivers/CMSIS_DSP/Source/StatisticsFunctions/arm_mean_f32.su ./Drivers/CMSIS_DSP/Source/StatisticsFunctions/arm_mean_q15.cyclo ./Drivers/CMSIS_DSP/Source/StatisticsFunctions/arm_mean_q15.d ./Drivers/CMSIS_DSP/Source/StatisticsFunctions/arm_mean_q15.o ./Drivers/CMSIS_DSP/Source/StatisticsFunctions/arm_mean_q15.su ./Drivers/CMSIS_DSP/Source/StatisticsFunctions/arm_mean_q31.cyclo ./Drivers/CMSIS_DSP/Source/StatisticsFunctions/arm_mean_q31.d ./Drivers/CMSIS_DSP/Source/StatisticsFunctions/arm_mean_q31.o ./Drivers/CMSIS_DSP/Source/StatisticsFunctions/arm_mean_q31.su ./Drivers/CMSIS_DSP/Source/StatisticsFunctions/arm_mean_q7.cyclo ./Drivers/CMSIS_DSP/Source/StatisticsFunctions/arm_mean_q7.d ./Drivers/CMSIS_DSP/Source/StatisticsFunctions/arm_mean_q7.o ./Drivers/CMSIS_DSP/Source/StatisticsFunctions/arm_mean_q7.su ./Drivers/CMSIS_DSP/Source/StatisticsFunctions/arm_min_f32.cyclo ./Drivers/CMSIS_DSP/Source/StatisticsFunctions/arm_min_f32.d ./Drivers/CMSIS_DSP/Source/StatisticsFunctions/arm_min_f32.o ./Drivers/CMSIS_DSP/Source/StatisticsFunctions/arm_min_f32.su ./Drivers/CMSIS_DSP/Source/StatisticsFunctions/arm_min_q15.cyclo ./Drivers/CMSIS_DSP/Source/StatisticsFunctions/arm_min_q15.d ./Drivers/CMSIS_DSP/Source/StatisticsFunctions/arm_min_q15.o ./Drivers/CMSIS_DSP/Source/StatisticsFunctions/arm_min_q15.su ./Drivers/CMSIS_DSP/Source/StatisticsFunctions/arm_min_q31.cyclo ./Drivers/CMSIS_DSP/Source/StatisticsFunctions/arm_min_q31.d ./Drivers/CMSIS_DSP/Source/StatisticsFunctions/arm_min_q31.o ./Drivers/CMSIS_DSP/Source/StatisticsFunctions/arm_min_q31.su ./Drivers/CMSIS_DSP/Source/StatisticsFunctions/arm_min_q7.cyclo ./Drivers/CMSIS_DSP/Source/StatisticsFunctions/arm_min_q7.d ./Drivers/CMSIS_DSP/Source/StatisticsFunctions/arm_min_q7.o ./Drivers/CMSIS_DSP/Source/StatisticsFunctions/arm_min_q7.su ./Drivers/CMSIS_DSP/Source/StatisticsFunctions/arm_power_f32.cyclo ./Drivers/CMSIS_DSP/Source/StatisticsFunctions/arm_power_f32.d ./Drivers/CMSIS_DSP/Source/StatisticsFunctions/arm_power_f32.o ./Drivers/CMSIS_DSP/Source/StatisticsFunctions/arm_power_f32.su ./Drivers/CMSIS_DSP/Source/StatisticsFunctions/arm_power_q15.cyclo ./Drivers/CMSIS_DSP/Source/StatisticsFunctions/arm_power_q15.d ./Drivers/CMSIS_DSP/Source/StatisticsFunctions/arm_power_q15.o ./Drivers/CMSIS_DSP/Source/StatisticsFunctions/arm_power_q15.su ./Drivers/CMSIS_DSP/Source/StatisticsFunctions/arm_power_q31.cyclo ./Drivers/CMSIS_DSP/Source/StatisticsFunctions/arm_power_q31.d ./Drivers/CMSIS_DSP/Source/StatisticsFunctions/arm_power_q31.o ./Drivers/CMSIS_DSP/Source/StatisticsFunctions/arm_power_q31.su ./Drivers/CMSIS_DSP/Source/StatisticsFunctions/arm_power_q7.cyclo ./Drivers/CMSIS_DSP/Source/StatisticsFunctions/arm_power_q7.d ./Drivers/CMSIS_DSP/Source/StatisticsFunctions/arm_power_q7.o ./Drivers/CMSIS_DSP/Source/StatisticsFunctions/arm_power_q7.su ./Drivers/CMSIS_DSP/Source/StatisticsFunctions/arm_rms_f32.cyclo ./Drivers/CMSIS_DSP/Source/StatisticsFunctions/arm_rms_f32.d ./Drivers/CMSIS_DSP/Source/StatisticsFunctions/arm_rms_f32.o ./Drivers/CMSIS_DSP/Source/StatisticsFunctions/arm_rms_f32.su ./Drivers/CMSIS_DSP/Source/StatisticsFunctions/arm_rms_q15.cyclo ./Drivers/CMSIS_DSP/Source/StatisticsFunctions/arm_rms_q15.d ./Drivers/CMSIS_DSP/Source/StatisticsFunctions/arm_rms_q15.o ./Drivers/CMSIS_DSP/Source/StatisticsFunctions/arm_rms_q15.su ./Drivers/CMSIS_DSP/Source/StatisticsFunctions/arm_rms_q31.cyclo ./Drivers/CMSIS_DSP/Source/StatisticsFunctions/arm_rms_q31.d ./Drivers/CMSIS_DSP/Source/StatisticsFunctions/arm_rms_q31.o ./Drivers/CMSIS_DSP/Source/StatisticsFunctions/arm_rms_q31.su ./Drivers/CMSIS_DSP/Source/StatisticsFunctions/arm_std_f32.cyclo ./Drivers/CMSIS_DSP/Source/StatisticsFunctions/arm_std_f32.d ./Drivers/CMSIS_DSP/Source/StatisticsFunctions/arm_std_f32.o ./Drivers/CMSIS_DSP/Source/StatisticsFunctions/arm_std_f32.su ./Drivers/CMSIS_DSP/Source/StatisticsFunctions/arm_std_q15.cyclo ./Drivers/CMSIS_DSP/Source/StatisticsFunctions/arm_std_q15.d ./Drivers/CMSIS_DSP/Source/StatisticsFunctions/arm_std_q15.o ./Drivers/CMSIS_DSP/Source/StatisticsFunctions/arm_std_q15.su ./Drivers/CMSIS_DSP/Source/StatisticsFunctions/arm_std_q31.cyclo ./Drivers/CMSIS_DSP/Source/StatisticsFunctions/arm_std_q31.d ./Drivers/CMSIS_DSP/Source/StatisticsFunctions/arm_std_q31.o ./Drivers/CMSIS_DSP/Source/StatisticsFunctions/arm_std_q31.su ./Drivers/CMSIS_DSP/Source/StatisticsFunctions/arm_var_f32.cyclo ./Drivers/CMSIS_DSP/Source/StatisticsFunctions/arm_var_f32.d ./Drivers/CMSIS_DSP/Source/StatisticsFunctions/arm_var_f32.o ./Drivers/CMSIS_DSP/Source/StatisticsFunctions/arm_var_f32.su ./Drivers/CMSIS_DSP/Source/StatisticsFunctions/arm_var_q15.cyclo ./Drivers/CMSIS_DSP/Source/StatisticsFunctions/arm_var_q15.d ./Drivers/CMSIS_DSP/Source/StatisticsFunctions/arm_var_q15.o
rm -rf ./Drivers/CMSIS_DSP/Source/MatrixFunctions/arm_mat_add_f32.cyclo ./Drivers/CMSIS_DSP/Source/MatrixFunctions/arm_mat_add_f32.d ./Drivers/CMSIS_DSP/Source/MatrixFunctions/arm_mat_add_f32.o ./Drivers/CMSIS_DSP/Source/MatrixFunctions/arm_mat_add_f32.su ./Drivers/CMSIS_DSP/Source/MatrixFunctions/arm_mat_add_q15.cyclo ./Drivers/CMSIS_DSP/Source/MatrixFunctions/arm_mat_add_q15.d ./Drivers/CMSIS_DSP/Source/MatrixFunctions/arm_mat_add_q15.o ./Drivers/CMSIS_DSP/Source/MatrixFunctions/arm_mat_add_q15.su ./Drivers/CMSIS_DSP/Source/MatrixFunctions/arm_mat_add_q31.cyclo ./Drivers/CMSIS_DSP/Source/MatrixFunctions/arm_mat_add_q31.d ./Drivers/CMSIS_DSP/Source/MatrixFunctions/arm_mat_add_q31.o ./Drivers/CMSIS_DSP/Source/MatrixFunctions/arm_mat_add_q31.su ./Drivers/CMSIS_DSP/Source/MatrixFunctions/arm_mat_cmplx_mult_f32.cyclo ./Drivers/CMSIS_DSP/Source/MatrixFunctions/arm_mat_cmplx_mult_f32.d ./Drivers/CMSIS_DSP/Source/MatrixFunctions/arm_mat_cmplx_mult_f32.o ./Drivers/CMSIS_DSP/Source/MatrixFunctions/arm_mat_cmplx_mult_f32.su ./Drivers/CMSIS_DSP/Source/MatrixFunctions/arm_mat_cmplx_mult_q15.cyclo ./Drivers/CMSIS_DSP/Source/MatrixFunctions/arm_mat_cmplx_mult_q15.d ./Drivers/CMSIS_DSP/Source/MatrixFunctions/arm_mat_cmplx_mult_q15.o ./Drivers/CMSIS_DSP/Source/MatrixFunctions/arm_mat_cmplx_mult_q15.su ./Drivers/CMSIS_DSP/Source/MatrixFunctions/arm_mat_cmplx_mult_q31.cyclo ./Drivers/CMSIS_DSP/Source/MatrixFunctions/arm_mat_cmplx_mult_q31.d ./Drivers/CMSIS_DSP/Source/MatrixFunctions/arm_mat_cmplx_mult_q31.o ./Drivers/CMSIS_DSP/Source/MatrixFunctions/arm_mat_cmplx_mult_q31.su ./Drivers/CMSIS_DSP/Source/MatrixFunctions/arm_mat_init_f32.cyclo ./Drivers/CMSIS_DSP/Source/MatrixFunctions/arm_mat_init_f32.d ./Drivers/CMSIS_DSP/Source/MatrixFunctions/arm_mat_init_f32.o ./Drivers/CMSIS_DSP/Source/MatrixFunctions/arm_mat_init_f32.su ./Drivers/CMSIS_DSP/Source/MatrixFunctions/arm_mat_init_q15.cyclo ./Drivers/CMSIS_DSP/Source/MatrixFunctions/arm_mat_init_q15.d ./Drivers/CMSIS_DSP/Source/MatrixFunctions/arm_mat_init_q15.o ./Drivers/CMSIS_DSP/Source/MatrixFunctions/arm_mat_init_q15.su ./Drivers/CMSIS_DSP/Source/MatrixFunctions/arm_mat_init_q31.cyclo ./Drivers/CMSIS_DSP/Source/MatrixFunctions/arm_mat_init_q31.d ./Drivers/CMSIS_DSP/Source/MatrixFunctions/arm_mat_init_q31.o ./Drivers/CMSIS_DSP/Source/MatrixFunctions/arm_mat_init_q31.su ./Drivers/CMSIS_DSP/Source/MatrixFunctions/arm_mat_inverse_f32.cyclo ./Drivers/CMSIS_DSP/Source/MatrixFunctions/arm_mat_inverse_f32.d ./Drivers/CMSIS_DSP/Source/MatrixFunctions/arm_mat_inverse_f32.o ./Drivers/CMSIS_DSP/Source/MatrixFunctions/arm_mat_inverse_f32.su ./Drivers/CMSIS_DSP/Source/MatrixFunctions/arm_mat_inverse_f64.cyclo ./Drivers/CMSIS_DSP/Source/MatrixFunctions/arm_mat_inverse_f64.d ./Drivers/CMSIS_DSP/Source/MatrixFunctions/arm_mat_inverse_f64.o ./Drivers/CMSIS_DSP/Source/MatrixFunctions/arm_mat_inverse_f64.su ./Drivers/CMSIS_DSP/Source/MatrixFunctions/arm_mat_mult_f32.cyclo ./Drivers/CMSIS_DSP/Source/MatrixFunctions/arm_mat_mult_f32.d ./Drivers/CMSIS_DSP/Source/MatrixFunctions/arm_mat_mult_f32.o ./Drivers/CMSIS_DSP/Source/MatrixFunctions/arm_mat_mult_f32.su ./Drivers/CMSIS_DSP/Source/MatrixFunctions/arm_mat_mult_fast_q15.cyclo ./Drivers/CMSIS_DSP/Source/MatrixFunctions/arm_mat_mult_fast_q15.d ./Drivers/CMSIS_DSP/Source/MatrixFunctions/arm_mat_mult_fast_q15.o ./Drivers/CMSIS_DSP/Source/MatrixFunctions/arm_mat_mult_fast_q15.su ./Drivers/CMSIS_DSP/Source/MatrixFunctions/arm_mat_mult_fast_q31.cyclo ./Drivers/CMSIS_DSP/Source/MatrixFunctions/arm_mat_mult_fast_q31.d ./Drivers/CMSIS_DSP/Source/MatrixFunctions/arm_mat_mult_fast_q31.o ./Drivers/CMSIS_DSP/Source/MatrixFunctions/arm_mat_mult_fast_q31.su ./Drivers/CMSIS_DSP/Source/MatrixFunctions/arm_mat_mult_q15.cyclo ./Drivers/CMSIS_DSP/Source/MatrixFunctions/arm_mat_mult_q15.d ./Drivers/CMSIS_DSP/Source/MatrixFunctions/arm_mat_mult_q15.o ./Drivers/CMSIS_DSP/Source/MatrixFunctions/arm_mat_mult_q15.su ./Drivers/CMSIS_DSP/Source/MatrixFunctions/arm_mat_mult_q31.cyclo ./Drivers/CMSIS_DSP/Source/MatrixFunctions/arm_mat_mult_q31.d ./Drivers/CMSIS_DSP/Source/MatrixFunctions/arm_mat_mult_q31.o ./Drivers/CMSIS_DSP/Source/MatrixFunctions/arm_mat_mult_q31.su ./Drivers/CMSIS_DSP/Source/MatrixFunctions/arm_mat_scale_f32.cyclo ./Drivers/CMSIS_DSP/Source/MatrixFunctions/arm_mat_scale_f32.d ./Drivers/CMSIS_DSP/Source/MatrixFunctions/arm_mat_scale_f32.o ./Drivers/CMSIS_DSP/Source/MatrixFunctions/arm_mat_scale_f32.su ./Drivers/CMSIS_DSP/Source/MatrixFunctions/arm_mat_scale_q15.cyclo ./Drivers/CMSIS_DSP/Source/MatrixFunctions/arm_mat_scale_q15.d ./Drivers/CMSIS_DSP/Source/MatrixFunctions/arm_mat_scale_q15.o ./Drivers/CMSIS_DSP/Source/MatrixFunctions/arm_mat_scale_q15.su ./Drivers/CMSIS_DSP/Source/MatrixFunctions/arm_mat_scale_q31.cyclo ./Drivers/CMSIS_DSP/Source/MatrixFunctions/arm_mat_scale_q31.d ./Drivers/CMSIS_DSP/Source/MatrixFunctions/arm_mat_scale_q31.o ./Drivers/CMSIS_DSP/Source/MatrixFunctions/arm_mat_scale_q31.su ./Drivers/CMSIS_DSP/Source/MatrixFunctions/arm_mat_sub_f32.cyclo ./Drivers/CMSIS_DSP/Source/MatrixFunctions/arm_mat_sub_f32.d ./Drivers/CMSIS_DSP/Source/MatrixFunctions/arm_mat_sub_f32.o ./Drivers/CMSIS_DSP/Source/MatrixFunctions/arm_mat_sub_f32.su ./Drivers/CMSIS_DSP/Source/MatrixFunctions/arm_mat_sub_q15.cyclo ./Drivers/CMSIS_DSP/Source/MatrixFunctions/arm_mat_sub_q15.d ./Drivers/CMSIS_DSP/Source/MatrixFunctions/arm_mat_sub_q15.o ./Drivers/CMSIS_DSP/Source/MatrixFunctions/arm_mat_sub_q15.su ./Drivers/CMSIS_DSP/Source/MatrixFunctions/arm_mat_sub_q31.cyclo ./Drivers/CMSIS_DSP/Source/MatrixFunctions/arm_mat_sub_q31.d ./Drivers/CMSIS_DSP/Source/MatrixFunctions/arm_mat_sub_q31.o ./Drivers/CMSIS_DSP/Source/MatrixFunctions/arm_mat_sub_q31.su ./Drivers/CMSIS_DSP/Source/MatrixFunctions/arm_mat_trans_f32.cyclo ./Drivers/CMSIS_DSP/Source/MatrixFunctions/arm_mat_trans_f32.d ./Drivers/CMSIS_DSP/Source/MatrixFunctions/arm_mat_trans_f32.o ./Drivers/CMSIS_DSP/Source/MatrixFunctions/arm_mat_trans_f32.su
rm -rf ./Drivers/CMSIS_DSP/Source/FilteringFunctions/arm_biquad_cascade_df1_32x64_init_q31.cyclo ./Drivers/CMSIS_DSP/Source/FilteringFunctions/arm_biquad_cascade_df1_32x64_init_q31.d ./Drivers/CMSIS_DSP/Source/FilteringFunctions/arm_biquad_cascade_df1_32x64_init_q31.o ./Drivers/CMSIS_DSP/Source/FilteringFunctions/arm_biquad_cascade_df1_32x64_init_q31.su ./Drivers/CMSIS_DSP/Source/FilteringFunctions/arm_biquad_cascade_df1_32x64_q31.cyclo ./Drivers/CMSIS_DSP/Source/FilteringFunctions/arm_biquad_cascade_df1_32x64_q31.d ./Drivers/CMSIS_DSP/Source/FilteringFunctions/arm_biquad_cascade_df1_32x64_q31.o ./Drivers/CMSIS_DSP/Source/FilteringFunctions/arm_biquad_cascade_df1_32x64_q31.su ./Drivers/CMSIS_DSP/Source/FilteringFunctions/arm_biquad_cascade_df1_f32.cyclo ./Drivers/CMSIS_DSP/Source/FilteringFunctions/arm_biquad_cascade_df1_f32.d ./Drivers/CMSIS_DSP/Source/FilteringFunctions/arm_biquad_cascade_df1_f32.o ./Drivers/CMSIS_DSP/Source/FilteringFunctions/arm_biquad_cascade_df1_f32.su ./Drivers/CMSIS_DSP/Source/FilteringFunctions/arm_biquad_cascade_df1_fast_q15.cyclo ./Drivers/CMSIS_DSP/Source/FilteringFunctions/arm_biquad_cascade_df1_fast_q15.d ./Drivers/CMSIS_DSP/Source/FilteringFunctions/arm_biquad_cascade_df1_fast_q15.o ./Drivers/CMSIS_DSP/Source/FilteringFunctions/arm_biquad_cascade_df1_fast_q15.su ./Drivers/CMSIS_DSP/Source/FilteringFunctions/arm_biquad_cascade_df1_fast_q31.cyclo ./Drivers/CMSIS_DSP/Source/FilteringFunctions/arm_biquad_cascade_df1_fast_q31.d ./Drivers/CMSIS_DSP/Source/FilteringFunctions/arm_biquad_cascade_df1_fast_q31.o ./Drivers/CMSIS_DSP/Source/FilteringFunctions/arm_biquad_cascade_df1_fast_q31.su ./Drivers/CMSIS_DSP/Source/FilteringFunctions/arm_biquad_cascade_df1_init_f32.cyclo ./Drivers/CMSIS_DSP/Source/FilteringFunctions/arm_biquad_cascade_df1_init_f32.d ./Drivers/CMSIS_DSP/Source/FilteringFunctions/arm_biquad_cascade_df1_init_f32.o ./Drivers/CMSIS_DSP/Source/FilteringFunctions/arm_biquad_cascade_df1_init_f32.su ./Drivers/CMSIS_DSP/Source/FilteringFunctions/arm_biquad_cascade_df1_init_q15.cyclo ./Drivers/CMSIS_DSP/Source/FilteringFunctions/arm_biquad_cascade_df1_init_q15.d ./Drivers/CMSIS_DSP/Source/FilteringFunctions/arm_biquad_cascade_df1_init_q15.o ./Drivers/CMSIS_DSP/Source/FilteringFunctions/arm_biquad_cascade_df1_init_q15.su ./Drivers/CMSIS_DSP/Source/FilteringFunctions/arm_biquad_cascade_df1_init_q31.cyclo ./Drivers/CMSIS_DSP/Source/FilteringFunctions/arm_biquad_cascade_df1_init_q31.d ./Drivers/CMSIS_DSP/Source/FilteringFunctions/arm_biquad_cascade_df1_init_q31.o ./Drivers/CMSIS_DSP/Source/FilteringFunctions/arm_biquad_cascade_df1_init_q31.su ./Drivers/CMSIS_DSP/Source/FilteringFunctions/arm_biquad_cascade_df1_q15.cyclo ./Drivers/CMSIS_DSP/Source/FilteringFunctions/arm_biquad_cascade_df1_q15.d ./Drivers/CMSIS_DSP/Source/FilteringFunctions/arm_biquad_cascade_df1_q15.o ./Drivers/CMSIS_DSP/Source/FilteringFunctions/arm_biquad_cascade_df1_q15.su ./Drivers/CMSIS_DSP/Source/FilteringFunctions/arm_biquad_cascade_df1_q31.cyclo ./Drivers/CMSIS_DSP/Source/FilteringFunctions/arm_biquad_cascade_df1_q31.d ./Drivers/CMSIS_DSP/Source/FilteringFunctions/arm_biquad_cascade_df1_q31.o ./Drivers/CMSIS_DSP/Source/FilteringFunctions/arm_biquad_cascade_df1_q31.su ./Drivers/CMSIS_DSP/Source/FilteringFunctions/arm_biquad_cascade_df2T_f32.cyclo ./Drivers/CMSIS_DSP/Source/FilteringFunctions/arm_biquad_cascade_df2T_f32.d ./Drivers/CMSIS_DSP/Source/FilteringFunctions/arm_biquad_cascade_df2T_f32.o ./Drivers/CMSIS_DSP/Source/FilteringFunctions/arm_biquad_cascade_df2T_f32.su ./Drivers/CMSIS_DSP/Source/FilteringFunctions/arm_biquad_cascade_df2T_f64.cyclo ./Drivers/CMSIS_DSP/Source/FilteringFunctions/arm_biquad_cascade_df2T_f64.d ./Drivers/CMSIS_DSP/Source/FilteringFunctions/arm_biquad_cascade_df2T_f64.o ./Drivers/CMSIS_DSP/Source/FilteringFunctions/arm_biquad_cascade_df2T_f64.su ./Drivers/CMSIS_DSP/Source/FilteringFunctions/arm_biquad_cascade_df2T_init_f32.cyclo ./Drivers/CMSIS_DSP/Source/FilteringFunctions/arm_biquad_cascade_df2T_init_f32.d ./Drivers/CMSIS_DSP/Source/FilteringFunctions/arm_biquad_cascade_df2T_init_f32.o ./Drivers/CMSIS_DSP/Source/FilteringFunctions/arm_biquad_cascade_df2T_init_f32.su ./Drivers/CMSIS_DSP/Source/FilteringFunctions/arm_biquad_cascade_df2T_init_f64.cyclo ./Drivers/CMSIS_DSP/Source/FilteringFunctions/arm_biquad_cascade_df2T_init_f64.d ./Drivers/CMSIS_DSP/Source/FilteringFunctions/arm_biquad_cascade_df2T_init_f64.o ./Drivers/CMSIS_DSP/Source/FilteringFunctions/arm_biquad_cascade_df2T_init_f64.su ./Drivers/CMSIS_DSP/Source/FilteringFunctions/arm_biquad_cascade_stereo_df2T_f32.cyclo ./Drivers/CMSIS_DSP/Source/FilteringFunctions/arm_biquad_cascade_stereo_df2T_f32.d ./Drivers/CMSIS_DSP/Source/FilteringFunctions/arm_biquad_cascade_stereo_df2T_f32.o ./Drivers/CMSIS_DSP/Source/FilteringFunctions/arm_biquad_cascade_stereo_df2T_f32.su ./Drivers/CMSIS_DSP/Source/FilteringFunctions/arm_biquad_cascade_stereo_df2T_init_f32.cyclo ./Drivers/CMSIS_DSP/Source/FilteringFunctions/arm_biquad_cascade_stereo_df2T_init_f32.d ./Drivers/CMSIS_DSP/Source/FilteringFunctions/arm_biquad_cascade_stereo_df2T_init_f32.o ./Drivers/CMSIS_DSP/Source/FilteringFunctions/arm_biquad_cascade_stereo_df2T_init_f32.su ./Drivers/CMSIS_DSP/Source/FilteringFunctions/arm_conv_f32.cyclo ./Drivers/CMSIS_DSP/Source/FilteringFunctions/arm_conv_f32.d ./Drivers/CMSIS_DSP/Source/FilteringFunctions/arm_conv_f32.o ./Drivers/CMSIS_DSP/Source/FilteringFunctions/arm_conv_f32.su ./Drivers/CMSIS_DSP/Source/FilteringFunctions/arm_conv_fast_opt_q15.cyclo ./Drivers/CMSIS_DSP/Source/FilteringFunctions/arm_conv_fast_opt_q15.d ./Drivers/CMSIS_DSP/Source/FilteringFunctions/arm_conv_fast_opt_q15.o ./Drivers/CMSIS_DSP/Source/FilteringFunctions/arm_conv_fast_opt_q15.su ./Drivers/CMSIS_DSP/Source/FilteringFunctions/arm_conv_fast_q15.cyclo ./Drivers/CMSIS_DSP/Source/FilteringFunctions/arm_conv_fast_q15.d ./Drivers/CMSIS_DSP/Source/FilteringFunctions/arm_conv_fast_q15.o ./Drivers/CMSIS_DSP/Source/FilteringFunctions/arm_conv_fast_q15.su
rm -rf ./Drivers/CMSIS_DSP/Source/FastMathFunctions/arm_cos_f32.cyclo ./Drivers/CMSIS_DSP/Source/FastMathFunctions/arm_cos_f32.d ./Drivers/CMSIS_DSP/Source/FastMathFunctions/arm_cos_f32.o ./Drivers/CMSIS_DSP/Source/FastMathFunctions/arm_cos_f32.su ./Drivers/CMSIS_DSP/Source/FastMathFunctions/arm_cos_q15.cyclo ./Drivers/CMSIS_DSP/Source/FastMathFunctions/arm_cos_q15.d ./Drivers/CMSIS_DSP/Source/FastMathFunctions/arm_cos_q15.o ./Drivers/CMSIS_DSP/Source/FastMathFunctions/arm_cos_q15.su ./Drivers/CMSIS_DSP/Source/FastMathFunctions/arm_cos_q31.cyclo ./Drivers/CMSIS_DSP/Source/FastMathFunctions/arm_cos_q31.d ./Drivers/CMSIS_DSP/Source/FastMathFunctions/arm_cos_q31.o ./Drivers/CMSIS_DSP/Source/FastMathFunctions/arm_cos_q31.su ./Drivers/CMSIS_DSP/Source/FastMathFunctions/arm_sin_f32.cyclo ./Drivers/CMSIS_DSP/Source/FastMathFunctions/arm_sin_f32.d ./Drivers/CMSIS_DSP/Source/FastMathFunctions/arm_sin_f32.o ./Drivers/CMSIS_DSP/Source/FastMathFunctions/arm_sin_f32.su ./Drivers/CMSIS_DSP/Source/FastMathFunctions/arm_sin_q15.cyclo ./Drivers/CMSIS_DSP/Source/FastMathFunctions/arm_sin_q15.d ./Drivers/CMSIS_DSP/Source/FastMathFunctions/arm_sin_q15.o ./Drivers/CMSIS_DSP/Source/FastMathFunctions/arm_sin_q15.su ./Drivers/CMSIS_DSP/Source/FastMathFunctions/arm_sin_q31.cyclo ./Drivers/CMSIS_DSP/Source/FastMathFunctions/arm_sin_q31.d ./Drivers/CMSIS_DSP/Source/FastMathFunctions/arm_sin_q31.o ./Drivers/CMSIS_DSP/Source/FastMathFunctions/arm_sin_q31.su ./Drivers/CMSIS_DSP/Source/FastMathFunctions/arm_sqrt_q15.cyclo ./Drivers/CMSIS_DSP/Source/FastMathFunctions/arm_sqrt_q15.d ./Drivers/CMSIS_DSP/Source/FastMathFunctions/arm_sqrt_q15.o ./Drivers/CMSIS_DSP/Source/FastMathFunctions/arm_sqrt_q15.su ./Drivers/CMSIS_DSP/Source/FastMathFunctions/arm_sqrt_q31.cyclo ./Drivers/CMSIS_DSP/Source/FastMathFunctions/arm_sqrt_q31.d ./Drivers/CMSIS_DSP/Source/FastMathFunctions/arm_sqrt_q31.o ./Drivers/CMSIS_DSP/Source/FastMathFunctions/arm_sqrt_q31.su
rm -rf ./Drivers/CMSIS_DSP/Source/ControllerFunctions/arm_pid_init_f32.cyclo ./Drivers/CMSIS_DSP/Source/ControllerFunctions/arm_pid_init_f32.d ./Drivers/CMSIS_DSP/Source/ControllerFunctions/arm_pid_init_f32.o ./Drivers/CMSIS_DSP/Source/ControllerFunctions/arm_pid_init_f32.su ./Drivers/CMSIS_DSP/Source/ControllerFunctions/arm_pid_init_q15.cyclo ./Drivers/CMSIS_DSP/Source/ControllerFunctions/arm_pid_init_q15.d ./Drivers/CMSIS_DSP/Source/ControllerFunctions/arm_pid_init_q15.o ./Drivers/CMSIS_DSP/Source/ControllerFunctions/arm_pid_init_q15.su ./Drivers/CMSIS_DSP/Source/ControllerFunctions/arm_pid_init_q31.cyclo ./Drivers/CMSIS_DSP/Source/ControllerFunctions/arm_pid_init_q31.d ./Drivers/CMSIS_DSP/Source/ControllerFunctions/arm_pid_init_q31.o ./Drivers/CMSIS_DSP/Source/ControllerFunctions/arm_pid_init_q31.su ./Drivers/CMSIS_DSP/Source/ControllerFunctions/arm_pid_reset_f32.cyclo ./Drivers/CMSIS_DSP/Source/ControllerFunctions/arm_pid_reset_f32.d ./Drivers/CMSIS_DSP/Source/ControllerFunctions/arm_pid_reset_f32.o ./Drivers/CMSIS_DSP/Source/ControllerFunctions/arm_pid_reset_f32.su ./Drivers/CMSIS_DSP/Source/ControllerFunctions/arm_pid_reset_q15.cyclo ./Drivers/CMSIS_DSP/Source/ControllerFunctions/arm_pid_reset_q15.d ./Drivers/CMSIS_DSP/Source/ControllerFunctions/arm_pid_reset_q15.o ./Drivers/CMSIS_DSP/Source/ControllerFunctions/arm_pid_reset_q15.su ./Drivers/CMSIS_DSP/Source/ControllerFunctions/arm_pid_reset_q31.cyclo ./Drivers/CMSIS_DSP/Source/ControllerFunctions/arm_pid_reset_q31.d ./Drivers/CMSIS_DSP/Source/ControllerFunctions/arm_pid_reset_q31.o ./Drivers/CMSIS_DSP/Source/ControllerFunctions/arm_pid_reset_q31.su ./Drivers/CMSIS_DSP/Source/ControllerFunctions/arm_sin_cos_f32.cyclo ./Drivers/CMSIS_DSP/Source/ControllerFunctions/arm_sin_cos_f32.d ./Drivers/CMSIS_DSP/Source/ControllerFunctions/arm_sin_cos_f32.o ./Drivers/CMSIS_DSP/Source/ControllerFunctions/arm_sin_cos_f32.su ./Drivers/CMSIS_DSP/Source/ControllerFunctions/arm_sin_cos_q31.cyclo ./Drivers/CMSIS_DSP/Source/ControllerFunctions/arm_sin_cos_q31.d ./Drivers/CMSIS_DSP/Source/ControllerFunctions/arm_sin_cos_q31.o ./Drivers/CMSIS_DSP/Source/ControllerFunctions/arm_sin_cos_q31.su
rm -rf ./Drivers/CMSIS_DSP/Source/ComplexMathFunctions/arm_cmplx_conj_f32.cyclo ./Drivers/CMSIS_DSP/Source/ComplexMathFunctions/arm_cmplx_conj_f32.d ./Drivers/CMSIS_DSP/Source/ComplexMathFunctions/arm_cmplx_conj_f32.o ./Drivers/CMSIS_DSP/Source/ComplexMathFunctions/arm_cmplx_conj_f32.su ./Drivers/CMSIS_DSP/Source/ComplexMathFunctions/arm_cmplx_conj_q15.cyclo ./Drivers/CMSIS_DSP/Source/ComplexMathFunctions/arm_cmplx_conj_q15.d ./Drivers/CMSIS_DSP/Source/ComplexMathFunctions/arm_cmplx_conj_q15.o ./Drivers/CMSIS_DSP/Source/ComplexMathFunctions/arm_cmplx_conj_q15.su ./Drivers/CMSIS_DSP/Source/ComplexMathFunctions/arm_cmplx_conj_q31.cyclo ./Drivers/CMSIS_DSP/Source/ComplexMathFunctions/arm_cmplx_conj_q31.d ./Drivers/CMSIS_DSP/Source/ComplexMathFunctions/arm_cmplx_conj_q31.o ./Drivers/CMSIS_DSP/Source/ComplexMathFunctions/arm_cmplx_conj_q31.su ./Drivers/CMSIS_DSP/Source/ComplexMathFunctions/arm_cmplx_dot_prod_f32.cyclo ./Drivers/CMSIS_DSP/Source/ComplexMathFunctions/arm_cmplx_dot_prod_f32.d ./Drivers/CMSIS_DSP/Source/ComplexMathFunctions/arm_cmplx_dot_prod_f32.o ./Drivers/CMSIS_DSP/Source/ComplexMathFunctions/arm_cmplx_dot_prod_f32.su ./Drivers/CMSIS_DSP/Source/ComplexMathFunctions/arm_cmplx_dot_prod_q15.cyclo ./Drivers/CMSIS_DSP/Source/ComplexMathFunctions/arm_cmplx_dot_prod_q15.d ./Drivers/CMSIS_DSP/Source/ComplexMathFunctions/arm_cmplx_dot_prod_q15.o ./Drivers/CMSIS_DSP/Source/ComplexMathFunctions/arm_cmplx_dot_prod_q15.su ./Drivers/CMSIS_DSP/Source/ComplexMathFunctions/arm_cmplx_dot_prod_q31.cyclo ./Drivers/CMSIS_DSP/Source/ComplexMathFunctions/arm_cmplx_dot_prod_q31.d ./Drivers/CMSIS_DSP/Source/ComplexMathFunctions/arm_cmplx_dot_prod_q31.o ./Drivers/CMSIS_DSP/Source/ComplexMathFunctions/arm_cmplx_dot_prod_q31.su ./Drivers/CMSIS_DSP/Source/ComplexMathFunctions/arm_cmplx_mag_f32.cyclo ./Drivers/CMSIS_DSP/Source/ComplexMathFunctions/arm_cmplx_mag_f32.d ./Drivers/CMSIS_DSP/Source/ComplexMathFunctions/arm_cmplx_mag_f32.o ./Drivers/CMSIS_DSP/Source/ComplexMathFunctions/arm_cmplx_mag_f32.su ./Drivers/CMSIS_DSP/Source/ComplexMathFunctions/arm_cmplx_mag_q15.cyclo ./Drivers/CMSIS_DSP/Source/ComplexMathFunctions/arm_cmplx_mag_q15.d ./Drivers/CMSIS_DSP/Source/ComplexMathFunctions/arm_cmplx_mag_q15.o ./Drivers/CMSIS_DSP/Source/ComplexMathFunctions/arm_cmplx_mag_q15.su ./Drivers/CMSIS_DSP/Source/ComplexMathFunctions/arm_cmplx_mag_q31.cyclo ./Drivers/CMSIS_DSP/Source/ComplexMathFunctions/arm_cmplx_mag_q31.d ./Drivers/CMSIS_DSP/Source/ComplexMathFunctions/arm_cmplx_mag_q31.o ./Drivers/CMSIS_DSP/Source/ComplexMathFunctions/arm_cmplx_mag_q31.su ./Drivers/CMSIS_DSP/Source/ComplexMathFunctions/arm_cmplx_mag_squared_f32.cyclo ./Drivers/CMSIS_DSP/Source/ComplexMathFunctions/arm_cmplx_mag_squared_f32.d ./Drivers/CMSIS_DSP/Source/ComplexMathFunctions/arm_cmplx_mag_squared_f32.o ./Drivers/CMSIS_DSP/Source/ComplexMathFunctions/arm_cmplx_mag_squared_f32.su ./Drivers/CMSIS_DSP/Source/ComplexMathFunctions/arm_cmplx_mag_squared_q15.cyclo ./Drivers/CMSIS_DSP/Source/ComplexMathFunctions/arm_cmplx_mag_squared_q15.d ./Drivers/CMSIS_DSP/Source/ComplexMathFunctions/arm_cmplx_mag_squared_q15.o ./Drivers/CMSIS_DSP/Source/ComplexMathFunctions/arm_cmplx_mag_squared_q15.su ./Drivers/CMSIS_DSP/Source/ComplexMathFunctions/arm_cmplx_mag_squared_q31.cyclo ./Drivers/CMSIS_DSP/Source/ComplexMathFunctions/arm_cmplx_mag_squared_q31.d ./Drivers/CMSIS_DSP/Source/ComplexMathFunctions/arm_cmplx_mag_squared_q31.o ./Drivers/CMSIS_DSP/Source/ComplexMathFunctions/arm_cmplx_mag_squared_q31.su ./Drivers/CMSIS_DSP/Source/ComplexMathFunctions/arm_cmplx_mult_cmplx_f32.cyclo ./Drivers/CMSIS_DSP/Source/ComplexMathFunctions/arm_cmplx_mult_cmplx_f32.d ./Drivers/CMSIS_DSP/Source/ComplexMathFunctions/arm_cmplx_mult_cmplx_f32.o ./Drivers/CMSIS_DSP/Source/ComplexMathFunctions/arm_cmplx_mult_cmplx_f32.su ./Drivers/CMSIS_DSP/Source/ComplexMathFunctions/arm_cmplx_mult_cmplx_q15.cyclo ./Drivers/CMSIS_DSP/Source/ComplexMathFunctions/arm_cmplx_mult_cmplx_q15.d ./Drivers/CMSIS_DSP/Source/ComplexMathFunctions/arm_cmplx_mult_cmplx_q15.o ./Drivers/CMSIS_DSP/Source/ComplexMathFunctions/arm_cmplx_mult_cmplx_q15.su ./Drivers/CMSIS_DSP/Source/ComplexMathFunctions/arm_cmplx_mult_cmplx_q31.cyclo ./Drivers/CMSIS_DSP/Source/ComplexMathFunctions/arm_cmplx_mult_cmplx_q31.d ./Drivers/CMSIS_DSP/Source/ComplexMathFunctions/arm_cmplx_mult_cmplx_q31.o ./Drivers/CMSIS_DSP/Source/ComplexMathFunctions/arm_cmplx_mult_cmplx_q31.su ./Drivers/CMSIS_DSP/Source/ComplexMathFunctions/arm_cmplx_mult_real_f32.cyclo ./Drivers/CMSIS_DSP/Source/ComplexMathFunctions/arm_cmplx_mult_real_f32.d ./Drivers/CMSIS_DSP/Source/ComplexMathFunctions/arm_cmplx_mult_real_f32.o ./Drivers/CMSIS_DSP/Source/ComplexMathFunctions/arm_cmplx_mult_real_f32.su ./Drivers/CMSIS_DSP/Source/ComplexMathFunctions/arm_cmplx_mult_real_q15.cyclo ./Drivers/CMSIS_DSP/Source/ComplexMathFunctions/arm_cmplx_mult_real_q15.d ./Drivers/CMSIS_DSP/Source/ComplexMathFunctions/arm_cmplx_mult_real_q15.o ./Drivers/CMSIS_DSP/Source/ComplexMathFunctions/arm_cmplx_mult_real_q15.su ./Drivers/CMSIS_DSP/Source/ComplexMathFunctions/arm_cmplx_mult_real_q31.cyclo ./Drivers/CMSIS_DSP/Source/ComplexMathFunctions/arm_cmplx_mult_real_q31.d ./Drivers/CMSIS_DSP/Source/ComplexMathFunctions/arm_cmplx_mult_real_q31.o ./Drivers/CMSIS_DSP/Source/ComplexMathFunctions/arm_cmplx_mult_real_q31.su
rm -rf ./Drivers/CMSIS_DSP/Source/CommonTables/arm_common_tables.cyclo ./Drivers/CMSIS_DSP/Source/CommonTables/arm_common_tables.d ./Drivers/CMSIS_DSP/Source/CommonTables/arm_common_tables.o ./Drivers/CMSIS_DSP/Source/CommonTables/arm_common_tables.su ./Drivers/CMSIS_DSP/Source/CommonTables/arm_const_structs.cyclo ./Drivers/CMSIS_DSP/Source/CommonTables/arm_const_structs.d ./Drivers/CMSIS_DSP/Source/CommonTables/arm_const_structs.o ./Drivers/CMSIS_DSP/Source/CommonTables/arm_const_structs.su
rm -rf ./Drivers/CMSIS_DSP/Source/BasicMathFunctions/arm_abs_f32.cyclo ./Drivers/CMSIS_DSP/Source/BasicMathFunctions/arm_abs_f32.d ./Drivers/CMSIS_DSP/Source/BasicMathFunctions/arm_abs_f32.o ./Drivers/CMSIS_DSP/Source/BasicMathFunctions/arm_abs_f32.su ./Drivers/CMSIS_DSP/Source/BasicMathFunctions/arm_abs_q15.cyclo ./Drivers/CMSIS_DSP/Source/BasicMathFunctions/arm_abs_q15.d ./Drivers/CMSIS_DSP/Source/BasicMathFunctions/arm_abs_q15.o ./Drivers/CMSIS_DSP/Source/BasicMathFunctions/arm_abs_q15.su ./Drivers/CMSIS_DSP/Source/BasicMathFunctions/arm_abs_q31.cyclo ./Drivers/CMSIS_DSP/Source/BasicMathFunctions/arm_abs_q31.d ./Drivers/CMSIS_DSP/Source/BasicMathFunctions/arm_abs_q31.o ./Drivers/CMSIS_DSP/Source/BasicMathFunctions/arm_abs_q31.su ./Drivers/CMSIS_DSP/Source/BasicMathFunctions/arm_abs_q7.cyclo ./Drivers/CMSIS_DSP/Source/BasicMathFunctions/arm_abs_q7.d ./Drivers/CMSIS_DSP/Source/BasicMathFunctions/arm_abs_q7.o ./Drivers/CMSIS_DSP/Source/BasicMathFunctions/arm_abs_q7.su ./Drivers/CMSIS_DSP/Source/BasicMathFunctions/arm_add_f32.cyclo ./Drivers/CMSIS_DSP/Source/BasicMathFunctions/arm_add_f32.d ./Drivers/CMSIS_DSP/Source/BasicMathFunctions/arm_add_f32.o ./Drivers/CMSIS_DSP/Source/BasicMathFunctions/arm_add_f32.su ./Drivers/CMSIS_DSP/Source/BasicMathFunctions/arm_add_q15.cyclo ./Drivers/CMSIS_DSP/Source/BasicMathFunctions/arm_add_q15.d ./Drivers/CMSIS_DSP/Source/BasicMathFunctions/arm_add_q15.o ./Drivers/CMSIS_DSP/Source/BasicMathFunctions/arm_add_q15.su ./Drivers/CMSIS_DSP/Source/BasicMathFunctions/arm_add_q31.cyclo ./Drivers/CMSIS_DSP/Source/BasicMathFunctions/arm_add_q31.d ./Drivers/CMSIS_DSP/Source/BasicMathFunctions/arm_add_q31.o ./Drivers/CMSIS_DSP/Source/BasicMathFunctions/arm_add_q31.su ./Drivers/CMSIS_DSP/Source/BasicMathFunctions/arm_add_q7.cyclo ./Drivers/CMSIS_DSP/Source/BasicMathFunctions/arm_add_q7.d ./Drivers/CMSIS_DSP/Source/BasicMathFunctions/arm_add_q7.o ./Drivers/CMSIS_DSP/Source/BasicMathFunctions/arm_add_q7.su ./Drivers/CMSIS_DSP/Source/BasicMathFunctions/arm_dot_prod_f32.cyclo ./Drivers/CMSIS_DSP/Source/BasicMathFunctions/arm_dot_prod_f32.d ./Drivers/CMSIS_DSP/Source/BasicMathFunctions/arm_dot_prod_f32.o ./Drivers/CMSIS_DSP/Source/BasicMathFunctions/arm_dot_prod_f32.su ./Drivers/CMSIS_DSP/Source/BasicMathFunctions/arm_dot_prod_q15.cyclo ./Drivers/CMSIS_DSP/Source/BasicMathFunctions/arm_dot_prod_q15.d ./Drivers/CMSIS_DSP/Source/BasicMathFunctions/arm_dot_prod_q15.o ./Drivers/CMSIS_DSP/Source/BasicMathFunctions/arm_dot_prod_q15.su ./Drivers/CMSIS_DSP/Source/BasicMathFunctions/arm_dot_prod_q31.cyclo ./Drivers/CMSIS_DSP/Source/BasicMathFunctions/arm_dot_prod_q31.d ./Drivers/CMSIS_DSP/Source/BasicMathFunctions/arm_dot_prod_q31.o ./Drivers/CMSIS_DSP/Source/BasicMathFunctions/arm_dot_prod_q31.su ./Drivers/CMSIS_DSP/Source/BasicMathFunctions/arm_dot_prod_q7.cyclo ./Drivers/CMSIS_DSP/Source/BasicMathFunctions/arm_dot_prod_q7.d ./Drivers/CMSIS_DSP/Source/BasicMathFunctions/arm_dot_prod_q7.o ./Drivers/CMSIS_DSP/Source/BasicMathFunctions/arm_dot_prod_q7.su ./Drivers/CMSIS_DSP/Source/BasicMathFunctions/arm_mult_f32.cyclo ./Drivers/CMSIS_DSP/Source/BasicMathFunctions/arm_mult_f32.d ./Drivers/CMSIS_DSP/Source/BasicMathFunctions/arm_mult_f32.o ./Drivers/CMSIS_DSP/Source/BasicMathFunctions/arm_mult_f32.su ./Drivers/CMSIS_DSP/Source/BasicMathFunctions/arm_mult_q15.cyclo ./Drivers/CMSIS_DSP/Source/BasicMathFunctions/arm_mult_q15.d ./Drivers/CMSIS_DSP/Source/BasicMathFunctions/arm_mult_q15.o ./Drivers/CMSIS_DSP/Source/BasicMathFunctions/arm_mult_q15.su ./Drivers/CMSIS_DSP/Source/BasicMathFunctions/arm_mult_q31.cyclo ./Drivers/CMSIS_DSP/Source/BasicMathFunctions/arm_mult_q31.d ./Drivers/CMSIS_DSP/Source/BasicMathFunctions/arm_mult_q31.o ./Drivers/CMSIS_DSP/Source/BasicMathFunctions/arm_mult_q31.su ./Drivers/CMSIS_DSP/Source/BasicMathFunctions/arm_mult_q7.cyclo ./Drivers/CMSIS_DSP/Source/BasicMathFunctions/arm_mult_q7.d ./Drivers/CMSIS_DSP/Source/BasicMathFunctions/arm_mult_q7.o ./Drivers/CMSIS_DSP/Source/BasicMathFunctions/arm_mult_q7.su ./Drivers/CMSIS_DSP/Source/BasicMathFunctions/arm_negate_f32.cyclo ./Drivers/CMSIS_DSP/Source/BasicMathFunctions/arm_negate_f32.d ./Drivers/CMSIS_DSP/Source/BasicMathFunctions/arm_negate_f32.o ./Drivers/CMSIS_DSP/Source/BasicMathFunctions/arm_negate_f32.su ./Drivers/CMSIS_DSP/Source/BasicMathFunctions/arm_negate_q15.cyclo ./Drivers/CMSIS_DSP/Source/BasicMathFunctions/arm_negate_q15.d ./Drivers/CMSIS_DSP/Source/BasicMathFunctions/arm_negate_q15.o ./Drivers/CMSIS_DSP/Source/BasicMathFunctions/arm_negate_q15.su ./Drivers/CMSIS_DSP/Source/BasicMathFunctions/arm_negate_q31.cyclo ./Drivers/CMSIS_DSP/Source/BasicMathFunctions/arm_negate_q31.d ./Drivers/CMSIS_DSP/Source/BasicMathFunctions/arm_negate_q31.o ./Drivers/CMSIS_DSP/Source/BasicMathFunctions/arm_negate_q31.su ./Drivers/CMSIS_DSP/Source/BasicMathFunctions/arm_negate_q7.cyclo ./Drivers/CMSIS_DSP/Source/BasicMathFunctions/arm_negate_q7.d ./Drivers/CMSIS_DSP/Source/BasicMathFunctions/arm_negate_q7.o ./Drivers/CMSIS_DSP/Source/BasicMathFunctions/arm_negate_q7.su ./Drivers/CMSIS_DSP/Source/BasicMathFunctions/arm_offset_f32.cyclo ./Drivers/CMSIS_DSP/Source/BasicMathFunctions/arm_offset_f32.d ./Drivers/CMSIS_DSP/Source/BasicMathFunctions/arm_offset_f32.o ./Drivers/CMSIS_DSP/Source/BasicMathFunctions/arm_offset_f32.su ./Drivers/CMSIS_DSP/Source/BasicMathFunctions/arm_offset_q15.cyclo ./Drivers/CMSIS_DSP/Source/BasicMathFunctions/arm_offset_q15.d ./Drivers/CMSIS_DSP/Source/BasicMathFunctions/arm_offset_q15.o ./Drivers/CMSIS_DSP/Source/BasicMathFunctions/arm_offset_q15.su ./Drivers/CMSIS_DSP/Source/BasicMathFunctions/arm_offset_q31.cyclo ./Drivers/CMSIS_DSP/Source/BasicMathFunctions/arm_offset_q31.d ./Drivers/CMSIS_DSP/Source/BasicMathFunctions/arm_offset_q31.o ./Drivers/CMSIS_DSP/Source/BasicMathFunctions/arm_offset_q31.su ./Drivers/CMSIS_DSP/Source/BasicMathFunctions/arm_offset_q7.cyclo ./Drivers/CMSIS_DSP/Source/BasicMathFunctions/arm_offset_q7.d ./Drivers/CMSIS_DSP/Source/BasicMathFunctions/arm_offset_q7.o
rm -rf ./Drivers/CMSIS_DSP/Source/TransformFunctions/arm_dct4_q15.d ./Drivers/CMSIS_DSP/Source/TransformFunctions/arm_dct4_q15.o ./Drivers/CMSIS_DSP/Source/TransformFunctions/arm_dct4_q15.su ./Drivers/CMSIS_DSP/Source/TransformFunctions/arm_dct4_q31.cyclo ./Drivers/CMSIS_DSP/Source/TransformFunctions/arm_dct4_q31.d ./Drivers/CMSIS_DSP/Source/TransformFunctions/arm_dct4_q31.o ./Drivers/CMSIS_DSP/Source/TransformFunctions/arm_dct4_q31.su ./Drivers/CMSIS_DSP/Source/TransformFunctions/arm_rfft_f32.cyclo ./Drivers/CMSIS_DSP/Source/TransformFunctions/arm_rfft_f32.d ./Drivers/CMSIS_DSP/Source/TransformFunctions/arm_rfft_f32.o ./Drivers/CMSIS_DSP/Source/TransformFunctions/arm_rfft_f32.su ./Drivers/CMSIS_DSP/Source/TransformFunctions/arm_rfft_fast_f32.cyclo ./Drivers/CMSIS_DSP/Source/TransformFunctions/arm_rfft_fast_f32.d ./Drivers/CMSIS_DSP/Source/TransformFunctions/arm_rfft_fast_f32.o ./Drivers/CMSIS_DSP/Source/TransformFunctions/arm_rfft_fast_f32.su ./Drivers/CMSIS_DSP/Source/TransformFunctions/arm_rfft_fast_init_f32.cyclo ./Drivers/CMSIS_DSP/Source/TransformFunctions/arm_rfft_fast_init_f32.d ./Drivers/CMSIS_DSP/Source/TransformFunctions/arm_rfft_fast_init_f32.o ./Drivers/CMSIS_DSP/Source/TransformFunctions/arm_rfft_fast_init_f32.su ./Drivers/CMSIS_DSP/Source/TransformFunctions/arm_rfft_init_f32.cyclo ./Drivers/CMSIS_DSP/Source/TransformFunctions/arm_rfft_init_f32.d ./Drivers/CMSIS_DSP/Source/TransformFunctions/arm_rfft_init_f32.o ./Drivers/CMSIS_DSP/Source/TransformFunctions/arm_rfft_init_f32.su ./Drivers/CMSIS_DSP/Source/TransformFunctions/arm_rfft_init_q15.cyclo ./Drivers/CMSIS_DSP/Source/TransformFunctions/arm_rfft_init_q15.d ./Drivers/CMSIS_DSP/Source/TransformFunctions/arm_rfft_init_q15.o ./Drivers/CMSIS_DSP/Source/TransformFunctions/arm_rfft_init_q15.su ./Drivers/CMSIS_DSP/Source/TransformFunctions/arm_rfft_init_q31.cyclo ./Drivers/CMSIS_DSP/Source/TransformFunctions/arm_rfft_init_q31.d ./Drivers/CMSIS_DSP/Source/TransformFunctions/arm_rfft_init_q31.o ./Drivers/CMSIS_DSP/Source/TransformFunctions/arm_rfft_init_q31.su ./Drivers/CMSIS_DSP/Source/TransformFunctions/arm_rfft_q15.cyclo ./Drivers/CMSIS_DSP/Source/TransformFunctions/arm_rfft_q15.d ./Drivers/CMSIS_DSP/Source/TransformFunctions/arm_rfft_q15.o ./Drivers/CMSIS_DSP/Source/TransformFunctions/arm_rfft_q15.su ./Drivers/CMSIS_DSP/Source/TransformFunctions/arm_rfft_q31.cyclo ./Drivers/CMSIS_DSP/Source/TransformFunctions/arm_rfft_q31.d ./Drivers/CMSIS_DSP/Source/TransformFunctions/arm_rfft_q31.o ./Drivers/CMSIS_DSP/Source/TransformFunctions/arm_rfft_q31.su
rm -rf ./Core/Startup/startup_stm32f103c8tx.d ./Core/Startup/startup_stm32f103c8tx.o
rm -rf ./Core/Src/main.cyclo ./Core/Src/main.d ./Core/Src/main.o ./Core/Src/main.su ./Core/Src/stm32f1xx_hal_msp.cyclo ./Core/Src/stm32f1xx_hal_msp.d ./Core/Src/stm32f1xx_hal_msp.o ./Core/Src/stm32f1xx_hal_msp.su ./Core/Src/stm32f1xx_it.cyclo ./Core/Src/stm32f1xx_it.d ./Core/Src/stm32f1xx_it.o ./Core/Src/stm32f1xx_it.su ./Core/Src/syscalls.cyclo ./Core/Src/syscalls.d ./Core/Src/syscalls.o ./Core/Src/syscalls.su ./Core/Src/sysmem.cyclo ./Core/Src/sysmem.d ./Core/Src/sysmem.o ./Core/Src/sysmem.su ./Core/Src/system_stm32f1xx.cyclo ./Core/Src/system_stm32f1xx.d ./Core/Src/system_stm32f1xx.o ./Core/Src/system_stm32f1xx.su
rm -rf ./Drivers/CMSIS_DSP/Source/StatisticsFunctions/arm_var_q15.su ./Drivers/CMSIS_DSP/Source/StatisticsFunctions/arm_var_q31.cyclo ./Drivers/CMSIS_DSP/Source/StatisticsFunctions/arm_var_q31.d ./Drivers/CMSIS_DSP/Source/StatisticsFunctions/arm_var_q31.o ./Drivers/CMSIS_DSP/Source/StatisticsFunctions/arm_var_q31.su
rm -rf ./Drivers/CMSIS_DSP/Source/MatrixFunctions/arm_mat_trans_q15.cyclo ./Drivers/CMSIS_DSP/Source/MatrixFunctions/arm_mat_trans_q15.d ./Drivers/CMSIS_DSP/Source/MatrixFunctions/arm_mat_trans_q15.o ./Drivers/CMSIS_DSP/Source/MatrixFunctions/arm_mat_trans_q15.su ./Drivers/CMSIS_DSP/Source/MatrixFunctions/arm_mat_trans_q31.cyclo ./Drivers/CMSIS_DSP/Source/MatrixFunctions/arm_mat_trans_q31.d ./Drivers/CMSIS_DSP/Source/MatrixFunctions/arm_mat_trans_q31.o ./Drivers/CMSIS_DSP/Source/MatrixFunctions/arm_mat_trans_q31.su
rm -rf ./Drivers/CMSIS_DSP/Source/FilteringFunctions/arm_conv_fast_q31.cyclo ./Drivers/CMSIS_DSP/Source/FilteringFunctions/arm_conv_fast_q31.d ./Drivers/CMSIS_DSP/Source/FilteringFunctions/arm_conv_fast_q31.o ./Drivers/CMSIS_DSP/Source/FilteringFunctions/arm_conv_fast_q31.su ./Drivers/CMSIS_DSP/Source/FilteringFunctions/arm_conv_opt_q15.cyclo ./Drivers/CMSIS_DSP/Source/FilteringFunctions/arm_conv_opt_q15.d ./Drivers/CMSIS_DSP/Source/FilteringFunctions/arm_conv_opt_q15.o ./Drivers/CMSIS_DSP/Source/FilteringFunctions/arm_conv_opt_q15.su ./Drivers/CMSIS_DSP/Source/FilteringFunctions/arm_conv_opt_q7.cyclo ./Drivers/CMSIS_DSP/Source/FilteringFunctions/arm_conv_opt_q7.d ./Drivers/CMSIS_DSP/Source/FilteringFunctions/arm_conv_opt_q7.o ./Drivers/CMSIS_DSP/Source/FilteringFunctions/arm_conv_opt_q7.su ./Drivers/CMSIS_DSP/Source/FilteringFunctions/arm_conv_partial_f32.cyclo ./Drivers/CMSIS_DSP/Source/FilteringFunctions/arm_conv_partial_f32.d ./Drivers/CMSIS_DSP/Source/FilteringFunctions/arm_conv_partial_f32.o ./Drivers/CMSIS_DSP/Source/FilteringFunctions/arm_conv_partial_f32.su ./Drivers/CMSIS_DSP/Source/FilteringFunctions/arm_conv_partial_fast_opt_q15.cyclo ./Drivers/CMSIS_DSP/Source/FilteringFunctions/arm_conv_partial_fast_opt_q15.d ./Drivers/CMSIS_DSP/Source/FilteringFunctions/arm_conv_partial_fast_opt_q15.o ./Drivers/CMSIS_DSP/Source/FilteringFunctions/arm_conv_partial_fast_opt_q15.su ./Drivers/CMSIS_DSP/Source/FilteringFunctions/arm_conv_partial_fast_q15.cyclo ./Drivers/CMSIS_DSP/Source/FilteringFunctions/arm_conv_partial_fast_q15.d ./Drivers/CMSIS_DSP/Source/FilteringFunctions/arm_conv_partial_fast_q15.o ./Drivers/CMSIS_DSP/Source/FilteringFunctions/arm_conv_partial_fast_q15.su ./Drivers/CMSIS_DSP/Source/FilteringFunctions/arm_conv_partial_fast_q31.cyclo ./Drivers/CMSIS_DSP/Source/FilteringFunctions/arm_conv_partial_fast_q31.d ./Drivers/CMSIS_DSP/Source/FilteringFunctions/arm_conv_partial_fast_q31.o ./Drivers/CMSIS_DSP/Source/FilteringFunctions/arm_conv_partial_fast_q31.su ./Drivers/CMSIS_DSP/Source/FilteringFunctions/arm_conv_partial_opt_q15.cyclo ./Drivers/CMSIS_DSP/Source/FilteringFunctions/arm_conv_partial_opt_q15.d
[...]
arm-none-eabi-gcc "../Drivers/CMSIS_DSP/Source/BasicMathFunctions/arm_negate_q31.c" -mcpu=cortex-m3 -std=gnu11 -g3 -DDEBUG -DUSE_HAL_DRIVER -DSTM32F103xB -c -I../Core/Inc -I"C:/Users/leand/git/STM32_Experimental_Audio/PWM/workspace-stm32/bluePill_dual_PWM_IIR_bandpass/Drivers/CMSIS_DSP/Include" -I../Drivers/STM32F1xx_HAL_Driver/Inc -I../Drivers/STM32F1xx_HAL_Driver/Inc/Legacy -I../Drivers/CMSIS/Device/ST/STM32F1xx/Include -I../Drivers/CMSIS/Include -O0 -ffunction-sections -fdata-sections -Wall -fstack-usage -fcyclomatic-complexity -MMD -MP -MF"Drivers/CMSIS_DSP/Source/BasicMathFunctions/arm_negate_q31.d" -MT"Drivers/CMSIS_DSP/Source/BasicMathFunctions/arm_negate_q31.o" --specs=nano.specs -mfloat-abi=soft -mthumb -o "Drivers/CMSIS_DSP/Source/BasicMathFunctions/arm_negate_q31.o"
arm-none-eabi-gcc "../Drivers/CMSIS_DSP/Source/BasicMathFunctions/arm_negate_q7.c" -mcpu=cortex-m3 -std=gnu11 -g3 -DDEBUG -DUSE_HAL_DRIVER -DSTM32F103xB -c -I../Core/Inc -I"C:/Users/leand/git/STM32_Experimental_Audio/PWM/workspace-stm32/bluePill_dual_PWM_IIR_bandpass/Drivers/CMSIS_DSP/Include" -I../Drivers/STM32F1xx_HAL_Driver/Inc -I../Drivers/STM32F1xx_HAL_Driver/Inc/Legacy -I../Drivers/CMSIS/Device/ST/STM32F1xx/Include -I../Drivers/CMSIS/Include -O0 -ffunction-sections -fdata-sections -Wall -fstack-usage -fcyclomatic-complexity -MMD -MP -MF"Drivers/CMSIS_DSP/Source/BasicMathFunctions/arm_negate_q7.d" -MT"Drivers/CMSIS_DSP/Source/BasicMathFunctions/arm_negate_q7.o" --specs=nano.specs -mfloat-abi=soft -mthumb -o "Drivers/CMSIS_DSP/Source/BasicMathFunctions/arm_negate_q7.o"
arm-none-eabi-gcc "../Drivers/CMSIS_DSP/Source/BasicMathFunctions/arm_offset_f32.c" -mcpu=cortex-m3 -std=gnu11 -g3 -DDEBUG -DUSE_HAL_DRIVER -DSTM32F103xB -c -I../Core/Inc -I"C:/Users/leand/git/STM32_Experimental_Audio/PWM/workspace-stm32/bluePill_dual_PWM_IIR_bandpass/Drivers/CMSIS_DSP/Include" -I../Drivers/STM32F1xx_HAL_Driver/Inc -I../Drivers/STM32F1xx_HAL_Driver/Inc/Legacy -I../Drivers/CMSIS/Device/ST/STM32F1xx/Include -I../Drivers/CMSIS/Include -O0 -ffunction-sections -fdata-sections -Wall -fstack-usage -fcyclomatic-complexity -MMD -MP -MF"Drivers/CMSIS_DSP/Source/BasicMathFunctions/arm_offset_f32.d" -MT"Drivers/CMSIS_DSP/Source/BasicMathFunctions/arm_offset_f32.o" --specs=nano.specs -mfloat-abi=soft -mthumb -o "Drivers/CMSIS_DSP/Source/BasicMathFunctions/arm_offset_f32.o"
arm-none-eabi-gcc "../Drivers/CMSIS_DSP/Source/BasicMathFunctions/arm_offset_q15.c" -mcpu=cortex-m3 -std=gnu11 -g3 -DDEBUG -DUSE_HAL_DRIVER -DSTM32F103xB -c -I../Core/Inc -I"C:/Users/leand/git/STM32_Experimental_Audio/PWM/workspace-stm32/bluePill_dual_PWM_IIR_bandpass/Drivers/CMSIS_DSP/Include" -I../Drivers/STM32F1xx_HAL_Driver/Inc -I../Drivers/STM32F1xx_HAL_Driver/Inc/Legacy -I../Drivers/CMSIS/Device/ST/STM32F1xx/Include -I../Drivers/CMSIS/Include -O0 -ffunction-sections -fdata-sections -Wall -fstack-usage -fcyclomatic-complexity -MMD -MP -MF"Drivers/CMSIS_DSP/Source/BasicMathFunctions/arm_offset_q15.d" -MT"Drivers/CMSIS_DSP/Source/BasicMathFunctions/arm_offset_q15.o" --specs=nano.specs -mfloat-abi=soft -mthumb -o "Drivers/CMSIS_DSP/Source/BasicMathFunctions/arm_offset_q15.o"
arm-none-eabi-gcc "../Drivers/CMSIS_DSP/Source/BasicMathFunctions/arm_offset_q31.c" -mcpu=cortex-m3 -std=gnu11 -g3 -DDEBUG -DUSE_HAL_DRIVER -DSTM32F103xB -c -I../Core/Inc -I"C:/Users/leand/git/STM32_Experimental_Audio/PWM/workspace-stm32/bluePill_dual_PWM_IIR_bandpass/Drivers/CMSIS_DSP/Include" -I../Drivers/STM32F1xx_HAL_Driver/Inc -I../Drivers/STM32F1xx_HAL_Driver/Inc/Legacy -I../Drivers/CMSIS/Device/ST/STM32F1xx/Include -I../Drivers/CMSIS/Include -O0 -ffunction-sections -fdata-sections -Wall -fstack-usage -fcyclomatic-complexity -MMD -MP -MF"Drivers/CMSIS_DSP/Source/BasicMathFunctions/arm_offset_q31.d" -MT"Drivers/CMSIS_DSP/Source/BasicMathFunctions/arm_offset_q31.o" --specs=nano.specs -mfloat-abi=soft -mthumb -o "Drivers/CMSIS_DSP/Source/BasicMathFunctions/arm_offset_q31.o"
arm-none-eabi-gcc "../Drivers/CMSIS_DSP/Source/BasicMathFunctions/arm_offset_q7.c" -mcpu=cortex-m3 -std=gnu11 -g3 -DDEBUG -DUSE_HAL_DRIVER -DSTM32F103xB -c -I../Core/Inc -I"C:/Users/leand/git/STM32_Experimental_Audio/PWM/workspace-stm32/bluePill_dual_PWM_IIR_bandpass/Drivers/CMSIS_DSP/Include" -I../Drivers/STM32F1xx_HAL_Driver/Inc -I../Drivers/STM32F1xx_HAL_Driver/Inc/Legacy -I../Drivers/CMSIS/Device/ST/STM32F1xx/Include -I../Drivers/CMSIS/Include -O0 -ffunction-sections -fdata-sections -Wall -fstack-usage -fcyclomatic-complexity -MMD -MP -MF"Drivers/CMSIS_DSP/Source/BasicMathFunctions/arm_offset_q7.d" -MT"Drivers/CMSIS_DSP/Source/BasicMathFunctions/arm_offset_q7.o" --specs=nano.specs -mfloat-abi=soft -mthumb -o "Drivers/CMSIS_DSP/Source/BasicMathFunctions/arm_offset_q7.o"
arm-none-eabi-gcc "../Drivers/CMSIS_DSP/Source/BasicMathFunctions/arm_scale_f32.c" -mcpu=cortex-m3 -std=gnu11 -g3 -DDEBUG -DUSE_HAL_DRIVER -DSTM32F103xB -c -I../Core/Inc -I"C:/Users/leand/git/STM32_Experimental_Audio/PWM/workspace-stm32/bluePill_dual_PWM_IIR_bandpass/Drivers/CMSIS_DSP/Include" -I../Drivers/STM32F1xx_HAL_Driver/Inc -I../Drivers/STM32F1xx_HAL_Driver/Inc/Legacy -I../Drivers/CMSIS/Device/ST/STM32F1xx/Include -I../Drivers/CMSIS/Include -O0 -ffunction-sections -fdata-sections -Wall -fstack-usage -fcyclomatic-complexity -MMD -MP -MF"Drivers/CMSIS_DSP/Source/BasicMathFunctions/arm_scale_f32.d" -MT"Drivers/CMSIS_DSP/Source/BasicMathFunctions/arm_scale_f32.o" --specs=nano.specs -mfloat-abi=soft -mthumb -o "Drivers/CMSIS_DSP/Source/BasicMathFunctions/arm_scale_f32.o"
arm-none-eabi-gcc "../Drivers/CMSIS_DSP/Source/BasicMathFunctions/arm_scale_q15.c" -mcpu=cortex-m3 -std=gnu11 -g3 -DDEBUG -DUSE_HAL_DRIVER -DSTM32F103xB -c -I../Core/Inc -I"C:/Users/leand/git/STM32_Experimental_Audio/PWM/workspace-stm32/bluePill_dual_PWM_IIR_bandpass/Drivers/CMSIS_DSP/Include" -I../Drivers/STM32F1xx_HAL_Driver/Inc -I../Drivers/STM32F1xx_HAL_Driver/Inc/Legacy -I../Drivers/CMSIS/Device/ST/STM32F1xx/Include -I../Drivers/CMSIS/Include -O0 -ffunction-sections -fdata-sections -Wall -fstack-usage -fcyclomatic-complexity -MMD -MP -MF"Drivers/CMSIS_DSP/Source/BasicMathFunctions/arm_scale_q15.d" -MT"Drivers/CMSIS_DSP/Source/BasicMathFunctions/arm_scale_q15.o" --specs=nano.specs -mfloat-abi=soft -mthumb -o "Drivers/CMSIS_DSP/Source/BasicMathFunctions/arm_scale_q15.o"
arm-none-eabi-gcc "../Drivers/CMSIS_DSP/Source/BasicMathFunctions/arm_scale_q31.c" -mcpu=cortex-m3 -std=gnu11 -g3 -DDEBUG -DUSE_HAL_DRIVER -DSTM32F103xB -c -I../Core/Inc -I"C:/Users/leand/git/STM32_Experimental_Audio/PWM/workspace-stm32/bluePill_dual_PWM_IIR_bandpass/Drivers/CMSIS_DSP/Include" -I../Drivers/STM32F1xx_HAL_Driver/Inc -I../Drivers/STM32F1xx_HAL_Driver/Inc/Legacy -I../Drivers/CMSIS/Device/ST/STM32F1xx/Include -I../Drivers/CMSIS/Include -O0 -ffunction-sections -fdata-sections -Wall -fstack-usage -fcyclomatic-complexity -MMD -MP -MF"Drivers/CMSIS_DSP/Source/BasicMathFunctions/arm_scale_q31.d" -MT"Drivers/CMSIS_DSP/Source/BasicMathFunctions/arm_scale_q31.o" --specs=nano.specs -mfloat-abi=soft -mthumb -o "Drivers/CMSIS_DSP/Source/BasicMathFunctions/arm_scale_q31.o"
arm-none-eabi-gcc "../Drivers/CMSIS_DSP/Source/BasicMathFunctions/arm_scale_q7.c" -mcpu=cortex-m3 -std=gnu11 -g3 -DDEBUG -DUSE_HAL_DRIVER -DSTM32F103xB -c -I../Core/Inc -I"C:/Users/leand/git/STM32_Experimental_Audio/PWM/workspace-stm32/bluePill_dual_PWM_IIR_bandpass/Drivers/CMSIS_DSP/Include" -I../Drivers/STM32F1xx_HAL_Driver/Inc -I../Drivers/STM32F1xx_HAL_Driver/Inc/Legacy -I../Drivers/CMSIS/Device/ST/STM32F1xx/Include -I../Drivers/CMSIS/Include -O0 -ffunction-sections -fdata-sections -Wall -fstack-usage -fcyclomatic-complexity -MMD -MP -MF"Drivers/CMSIS_DSP/Source/BasicMathFunctions/arm_scale_q7.d" -MT"Drivers/CMSIS_DSP/Source/BasicMathFunctions/arm_scale_q7.o" --specs=nano.specs -mfloat-abi=soft -mthumb -o "Drivers/CMSIS_DSP/Source/BasicMathFunctions/arm_scale_q7.o"
arm-none-eabi-gcc "../Drivers/CMSIS_DSP/Source/BasicMathFunctions/arm_shift_q15.c" -mcpu=cortex-m3 -std=gnu11 -g3 -DDEBUG -DUSE_HAL_DRIVER -DSTM32F103xB -c -I../Core/Inc -I"C:/Users/leand/git/STM32_Experimental_Audio/PWM/workspace-stm32/bluePill_dual_PWM_IIR_bandpass/Drivers/CMSIS_DSP/Include" -I../Drivers/STM32F1xx_HAL_Driver/Inc -I../Drivers/STM32F1xx_HAL_Driver/Inc/Legacy -I../Drivers/CMSIS/Device/ST/STM32F1xx/Include -I../Drivers/CMSIS/Include -O0 -ffunction-sections -fdata-sections -Wall -fstack-usage -fcyclomatic-complexity -MMD -MP -MF"Drivers/CMSIS_DSP/Source/BasicMathFunctions/arm_shift_q15.d" -MT"Drivers/CMSIS_DSP/Source/BasicMathFunctions/arm_shift_q15.o" --specs=nano.specs -mfloat-abi=soft -mthumb -o "Drivers/CMSIS_DSP/Source/BasicMathFunctions/arm_shift_q15.o"
arm-none-eabi-gcc "../Drivers/CMSIS_DSP/Source/BasicMathFunctions/arm_shift_q31.c" -mcpu=cortex-m3 -std=gnu11 -g3 -DDEBUG -DUSE_HAL_DRIVER -DSTM32F103xB -c -I../Core/Inc -I"C:/Users/leand/git/STM32_Experimental_Audio/PWM/workspace-stm32/bluePill_dual_PWM_IIR_bandpass/Drivers/CMSIS_DSP/Include" -I../Drivers/STM32F1xx_HAL_Driver/Inc -I../Drivers/STM32F1xx_HAL_Driver/Inc/Legacy -I../Drivers/CMSIS/Device/ST/STM32F1xx/Include -I../Drivers/CMSIS/Include -O0 -ffunction-sections -fdata-sections -Wall -fstack-usage -fcyclomatic-complexity -MMD -MP -MF"Drivers/CMSIS_DSP/Source/BasicMathFunctions/arm_shift_q31.d" -MT"Drivers/CMSIS_DSP/Source/BasicMathFunctions/arm_shift_q31.o" --specs=nano.specs -mfloat-abi=soft -mthumb -o "Drivers/CMSIS_DSP/Source/BasicMathFunctions/arm_shift_q31.o"
arm-none-eabi-gcc "../Drivers/CMSIS_DSP/Source/BasicMathFunctions/arm_shift_q7.c" -mcpu=cortex-m3 -std=gnu11 -g3 -DDEBUG -DUSE_HAL_DRIVER -DSTM32F103xB -c -I../Core/Inc -I"C:/Users/leand/git/STM32_Experimental_Audio/PWM/workspace-stm32/bluePill_dual_PWM_IIR_bandpass/Drivers/CMSIS_DSP/Include" -I../Drivers/STM32F1xx_HAL_Driver/Inc -I../Drivers/STM32F1xx_HAL_Driver/Inc/Legacy -I../Drivers/CMSIS/Device/ST/STM32F1xx/Include -I../Drivers/CMSIS/Include -O0 -ffunction-sections -fdata-sections -Wall -fstack-usage -fcyclomatic-complexity -MMD -MP -MF"Drivers/CMSIS_DSP/Source/BasicMathFunctions/arm_shift_q7.d" -MT"Drivers/CMSIS_DSP/Source/BasicMathFunctions/arm_shift_q7.o" --specs=nano.specs -mfloat-abi=soft -mthumb -o "Drivers/CMSIS_DSP/Source/BasicMathFunctions/arm_shift_q7.o"
arm-none-eabi-gcc "../Drivers/CMSIS_DSP/Source/BasicMathFunctions/arm_sub_f32.c" -mcpu=cortex-m3 -std=gnu11 -g3 -DDEBUG -DUSE_HAL_DRIVER -DSTM32F103xB -c -I../Core/Inc -I"C:/Users/leand/git/STM32_Experimental_Audio/PWM/workspace-stm32/bluePill_dual_PWM_IIR_bandpass/Drivers/CMSIS_DSP/Include" -I../Drivers/STM32F1xx_HAL_Driver/Inc -I../Drivers/STM32F1xx_HAL_Driver/Inc/Legacy -I../Drivers/CMSIS/Device/ST/STM32F1xx/Include -I../Drivers/CMSIS/Include -O0 -ffunction-sections -fdata-sections -Wall -fstack-usage -fcyclomatic-complexity -MMD -MP -MF"Drivers/CMSIS_DSP/Source/BasicMathFunctions/arm_sub_f32.d" -MT"Drivers/CMSIS_DSP/Source/BasicMathFunctions/arm_sub_f32.o" --specs=nano.specs -mfloat-abi=soft -mthumb -o "Drivers/CMSIS_DSP/Source/BasicMathFunctions/arm_sub_f32.o"
arm-none-eabi-gcc "../Drivers/CMSIS_DSP/Source/BasicMathFunctions/arm_sub_q15.c" -mcpu=cortex-m3 -std=gnu11 -g3 -DDEBUG -DUSE_HAL_DRIVER -DSTM32F103xB -c -I../Core/Inc -I"C:/Users/leand/git/STM32_Experimental_Audio/PWM/workspace-stm32/bluePill_dual_PWM_IIR_bandpass/Drivers/CMSIS_DSP/Include" -I../Drivers/STM32F1xx_HAL_Driver/Inc -I../Drivers/STM32F1xx_HAL_Driver/Inc/Legacy -I../Drivers/CMSIS/Device/ST/STM32F1xx/Include -I../Drivers/CMSIS/Include -O0 -ffunction-sections -fdata-sections -Wall -fstack-usage -fcyclomatic-complexity -MMD -MP -MF"Drivers/CMSIS_DSP/Source/BasicMathFunctions/arm_sub_q15.d" -MT"Drivers/CMSIS_DSP/Source/BasicMathFunctions/arm_sub_q15.o" --specs=nano.specs -mfloat-abi=soft -mthumb -o "Drivers/CMSIS_DSP/Source/BasicMathFunctions/arm_sub_q15.o"
arm-none-eabi-gcc "../Drivers/CMSIS_DSP/Source/BasicMathFunctions/arm_sub_q31.c" -mcpu=cortex-m3 -std=gnu11 -g3 -DDEBUG -DUSE_HAL_DRIVER -DSTM32F103xB -c -I../Core/Inc -I"C:/Users/leand/git/STM32_Experimental_Audio/PWM/workspace-stm32/bluePill_dual_PWM_IIR_bandpass/Drivers/CMSIS_DSP/Include" -I../Drivers/STM32F1xx_HAL_Driver/Inc -I../Drivers/STM32F1xx_HAL_Driver/Inc/Legacy -I../Drivers/CMSIS/Device/ST/STM32F1xx/Include -I../Drivers/CMSIS/Include -O0 -ffunction-sections -fdata-sections -Wall -fstack-usage -fcyclomatic-complexity -MMD -MP -MF"Drivers/CMSIS_DSP/Source/BasicMathFunctions/arm_sub_q31.d" -MT"Drivers/CMSIS_DSP/Source/BasicMathFunctions/arm_sub_q31.o" --specs=nano.specs -mfloat-abi=soft -mthumb -o "Drivers/CMSIS_DSP/Source/BasicMathFunctions/arm_sub_q31.o"
arm-none-eabi-gcc "../Drivers/CMSIS_DSP/Source/BasicMathFunctions/arm_sub_q7.c" -mcpu=cortex-m3 -std=gnu11 -g3 -DDEBUG -DUSE_HAL_DRIVER -DSTM32F103xB -c -I../Core/Inc -I"C:/Users/leand/git/STM32_Experimental_Audio/PWM/workspace-stm32/bluePill_dual_PWM_IIR_bandpass/Drivers/CMSIS_DSP/Include" -I../Drivers/STM32F1xx_HAL_Driver/Inc -I../Drivers/STM32F1xx_HAL_Driver/Inc/Legacy -I../Drivers/CMSIS/Device/ST/STM32F1xx/Include -I../Drivers/CMSIS/Include -O0 -ffunction-sections -fdata-sections -Wall -fstack-usage -fcyclomatic-complexity -MMD -MP -MF"Drivers/CMSIS_DSP/Source/BasicMathFunctions/arm_sub_q7.d" -MT"Drivers/CMSIS_DSP/Source/BasicMathFunctions/arm_sub_q7.o" --specs=nano.specs -mfloat-abi=soft -mthumb -o "Drivers/CMSIS_DSP/Source/BasicMathFunctions/arm_sub_q7.o"
arm-none-eabi-gcc -mcpu=cortex-m3 -g3 -DDEBUG -c -x assembler-with-cpp -MMD -MP -MF"Core/Startup/startup_stm32f103c8tx.d" -MT"Core/Startup/startup_stm32f103c8tx.o" --specs=nano.specs -mfloat-abi=soft -mthumb -o "Core/Startup/startup_stm32f103c8tx.o" "../Core/Startup/startup_stm32f103c8tx.s"
arm-none-eabi-gcc "../Core/Src/main.c" -mcpu=cortex-m3 -std=gnu11 -g3 -DDEBUG -DUSE_HAL_DRIVER -DSTM32F103xB -c -I../Core/Inc -I"C:/Users/leand/git/STM32_Experimental_Audio/PWM/workspace-stm32/bluePill_dual_PWM_IIR_bandpass/Drivers/CMSIS_DSP/Include" -I../Drivers/STM32F1xx_HAL_Driver/Inc -I../Drivers/STM32F1xx_HAL_Driver/Inc/Legacy -I../Drivers/CMSIS/Device/ST/STM32F1xx/Include -I../Drivers/CMSIS/Include -O0 -ffunction-sections -fdata-sections -Wall -fstack-usage -fcyclomatic-complexity -MMD -MP -MF"Core/Src/main.d" -MT"Core/Src/main.o" --specs=nano.specs -mfloat-abi=soft -mthumb -o "Core/Src/main.o"
arm-none-eabi-gcc "../Core/Src/stm32f1xx_hal_msp.c" -mcpu=cortex-m3 -std=gnu11 -g3 -DDEBUG -DUSE_HAL_DRIVER -DSTM32F103xB -c -I../Core/Inc -I"C:/Users/leand/git/STM32_Experimental_Audio/PWM/workspace-stm32/bluePill_dual_PWM_IIR_bandpass/Drivers/CMSIS_DSP/Include" -I../Drivers/STM32F1xx_HAL_Driver/Inc -I../Drivers/STM32F1xx_HAL_Driver/Inc/Legacy -I../Drivers/CMSIS/Device/ST/STM32F1xx/Include -I../Drivers/CMSIS/Include -O0 -ffunction-sections -fdata-sections -Wall -fstack-usage -fcyclomatic-complexity -MMD -MP -MF"Core/Src/stm32f1xx_hal_msp.d" -MT"Core/Src/stm32f1xx_hal_msp.o" --specs=nano.specs -mfloat-abi=soft -mthumb -o "Core/Src/stm32f1xx_hal_msp.o"
arm-none-eabi-gcc "../Core/Src/stm32f1xx_it.c" -mcpu=cortex-m3 -std=gnu11 -g3 -DDEBUG -DUSE_HAL_DRIVER -DSTM32F103xB -c -I../Core/Inc -I"C:/Users/leand/git/STM32_Experimental_Audio/PWM/workspace-stm32/bluePill_dual_PWM_IIR_bandpass/Drivers/CMSIS_DSP/Include" -I../Drivers/STM32F1xx_HAL_Driver/Inc -I../Drivers/STM32F1xx_HAL_Driver/Inc/Legacy -I../Drivers/CMSIS/Device/ST/STM32F1xx/Include -I../Drivers/CMSIS/Include -O0 -ffunction-sections -fdata-sections -Wall -fstack-usage -fcyclomatic-complexity -MMD -MP -MF"Core/Src/stm32f1xx_it.d" -MT"Core/Src/stm32f1xx_it.o" --specs=nano.specs -mfloat-abi=soft -mthumb -o "Core/Src/stm32f1xx_it.o"
arm-none-eabi-gcc "../Core/Src/syscalls.c" -mcpu=cortex-m3 -std=gnu11 -g3 -DDEBUG -DUSE_HAL_DRIVER -DSTM32F103xB -c -I../Core/Inc -I"C:/Users/leand/git/STM32_Experimental_Audio/PWM/workspace-stm32/bluePill_dual_PWM_IIR_bandpass/Drivers/CMSIS_DSP/Include" -I../Drivers/STM32F1xx_HAL_Driver/Inc -I../Drivers/STM32F1xx_HAL_Driver/Inc/Legacy -I../Drivers/CMSIS/Device/ST/STM32F1xx/Include -I../Drivers/CMSIS/Include -O0 -ffunction-sections -fdata-sections -Wall -fstack-usage -fcyclomatic-complexity -MMD -MP -MF"Core/Src/syscalls.d" -MT"Core/Src/syscalls.o" --specs=nano.specs -mfloat-abi=soft -mthumb -o "Core/Src/syscalls.o"
arm-none-eabi-gcc "../Core/Src/sysmem.c" -mcpu=cortex-m3 -std=gnu11 -g3 -DDEBUG -DUSE_HAL_DRIVER -DSTM32F103xB -c -I../Core/Inc -I"C:/Users/leand/git/STM32_Experimental_Audio/PWM/workspace-stm32/bluePill_dual_PWM_IIR_bandpass/Drivers/CMSIS_DSP/Include" -I../Drivers/STM32F1xx_HAL_Driver/Inc -I../Drivers/STM32F1xx_HAL_Driver/Inc/Legacy -I../Drivers/CMSIS/Device/ST/STM32F1xx/Include -I../Drivers/CMSIS/Include -O0 -ffunction-sections -fdata-sections -Wall -fstack-usage -fcyclomatic-complexity -MMD -MP -MF"Core/Src/sysmem.d" -MT"Core/Src/sysmem.o" --specs=nano.specs -mfloat-abi=soft -mthumb -o "Core/Src/sysmem.o"
arm-none-eabi-gcc "../Core/Src/system_stm32f1xx.c" -mcpu=cortex-m3 -std=gnu11 -g3 -DDEBUG -DUSE_HAL_DRIVER -DSTM32F103xB -c -I../Core/Inc -I"C:/Users/leand/git/STM32_Experimental_Audio/PWM/workspace-stm32/bluePill_dual_PWM_IIR_bandpass/Drivers/CMSIS_DSP/Include" -I../Drivers/STM32F1xx_HAL_Driver/Inc -I../Drivers/STM32F1xx_HAL_Driver/Inc/Legacy -I../Drivers/CMSIS/Device/ST/STM32F1xx/Include -I../Drivers/CMSIS/Include -O0 -ffunction-sections -fdata-sections -Wall -fstack-usage -fcyclomatic-complexity -MMD -MP -MF"Core/Src/system_stm32f1xx.d" -MT"Core/Src/system_stm32f1xx.o" --specs=nano.specs -mfloat-abi=soft -mthumb -o "Core/Src/system_stm32f1xx.o"
arm-none-eabi-gcc -o "bluePill_dual_PWM_IIR_bandpass.elf" @"objects.list"   -mcpu=cortex-m3 -T"C:\Users\leand\git\STM32_Experimental_Audio\PWM\workspace-stm32\bluePill_dual_PWM_IIR_bandpass\STM32F103C8TX_FLASH.ld" --specs=nosys.specs -Wl,-Map="bluePill_dual_PWM_IIR_bandpass.map" -Wl,--gc-sections -static --specs=nano.specs -mfloat-abi=soft -mthumb -Wl,--start-group -lc -lm -Wl,--end-group
Finished building target: bluePill_dual_PWM_IIR_bandpass.elf
 
arm-none-eabi-size  bluePill_dual_PWM_IIR_bandpass.elf 
arm-none-eabi-objdump -h -S bluePill_dual_PWM_IIR_bandpass.elf  > "bluePill_dual_PWM_IIR_bandpass.list"
   text	   data	    bss	    dec	    hex	filename
  15772	    212	   4340	  20324	   4f64	bluePill_dual_PWM_IIR_bandpass.elf
Finished building: default.size.stdout
 
Finished building: bluePill_dual_PWM_IIR_bandpass.list
 
19:55:45 **** Incremental Build of configuration Debug for project bluePill_dual_PWM_IIR_bandpass ****
make -j20 all 
arm-none-eabi-gcc "../Core/Src/main.c" -mcpu=cortex-m3 -std=gnu11 -g3 -DDEBUG -DUSE_HAL_DRIVER -DSTM32F103xB -c -I../Core/Inc -I"C:/Users/leand/git/STM32_Experimental_Audio/PWM/workspace-stm32/bluePill_dual_PWM_IIR_bandpass/Drivers/CMSIS_DSP/Include" -I../Drivers/STM32F1xx_HAL_Driver/Inc -I../Drivers/STM32F1xx_HAL_Driver/Inc/Legacy -I../Drivers/CMSIS/Device/ST/STM32F1xx/Include -I../Drivers/CMSIS/Include -O0 -ffunction-sections -fdata-sections -Wall -fstack-usage -fcyclomatic-complexity -MMD -MP -MF"Core/Src/main.d" -MT"Core/Src/main.o" --specs=nano.specs -mfloat-abi=soft -mthumb -o "Core/Src/main.o"
arm-none-eabi-gcc -o "bluePill_dual_PWM_IIR_bandpass.elf" @"objects.list"   -mcpu=cortex-m3 -T"C:\Users\leand\git\STM32_Experimental_Audio\PWM\workspace-stm32\bluePill_dual_PWM_IIR_bandpass\STM32F103C8TX_FLASH.ld" --specs=nosys.specs -Wl,-Map="bluePill_dual_PWM_IIR_bandpass.map" -Wl,--gc-sections -static --specs=nano.specs -mfloat-abi=soft -mthumb -Wl,--start-group -lc -lm -Wl,--end-group
Finished building target: bluePill_dual_PWM_IIR_bandpass.elf
 
arm-none-eabi-size  bluePill_dual_PWM_IIR_bandpass.elf 
arm-none-eabi-objdump -h -S bluePill_dual_PWM_IIR_bandpass.elf  > "bluePill_dual_PWM_IIR_bandpass.list"
   text	   data	    bss	    dec	    hex	filename
  15772	     84	   4212	  20068	   4e64	bluePill_dual_PWM_IIR_bandpass.elf
Finished building: default.size.stdout
 
Finished building: bluePill_dual_PWM_IIR_bandpass.list
 
