../Core/Src/main.c:91:5:main	16	static
../Core/Src/main.c:194:6:SystemClock_Config	88	static
../Core/Src/main.c:241:13:MX_ADC1_Init	24	static
../Core/Src/main.c:288:13:MX_SPI1_Init	8	static
../Core/Src/main.c:326:13:MX_TIM3_Init	64	static
../Core/Src/main.c:382:13:MX_DMA_Init	16	static
../Core/Src/main.c:403:13:MX_GPIO_Init	40	static
../Core/Src/main.c:440:9:CalculateSigmaDeltaValue	24	static
../Core/Src/main.c:456:6:HAL_SPI_TxHalfCpltCallback	16	static
../Core/Src/main.c:461:6:HAL_SPI_TxCpltCallback	16	static
../Core/Src/main.c:466:6:HAL_TIM_PeriodElapsedCallback	16	static
../Core/Src/main.c:481:6:HAL_ADC_ConvHalfCpltCallback	16	static
../Core/Src/main.c:486:6:HAL_ADC_ConvCpltCallback	16	static
../Core/Src/main.c:497:6:Error_Handler	4	static,ignoring_inline_asm
